Component: ARM Compiler 5.06 update 6 (build 750) Tool: armlink [4d35ed]

==============================================================================

Section Cross References

    system_stm32f0xx.o(i.SystemCoreClockUpdate) refers to uidiv.o(.text) for __aeabi_uidivmod
    system_stm32f0xx.o(i.SystemCoreClockUpdate) refers to system_stm32f0xx.o(.data) for .data
    system_stm32f0xx.o(i.SystemCoreClockUpdate) refers to system_stm32f0xx.o(.constdata) for .constdata
    startup_stm32f072xb.o(RESET) refers to startup_stm32f072xb.o(STACK) for __initial_sp
    startup_stm32f072xb.o(RESET) refers to startup_stm32f072xb.o(.text) for Reset_Handler
    startup_stm32f072xb.o(RESET) refers to stm32f0xx_it.o(i.NMI_Handler) for NMI_Handler
    startup_stm32f072xb.o(RESET) refers to stm32f0xx_it.o(i.HardFault_Handler) for HardFault_Handler
    startup_stm32f072xb.o(RESET) refers to stm32f0xx_it.o(i.SVC_Handler) for SVC_Handler
    startup_stm32f072xb.o(RESET) refers to stm32f0xx_it.o(i.PendSV_Handler) for PendSV_Handler
    startup_stm32f072xb.o(RESET) refers to stm32f0xx_it.o(i.SysTick_Handler) for SysTick_Handler
    startup_stm32f072xb.o(RESET) refers to stm32f0xx_it.o(i.DMA1_Channel1_IRQHandler) for DMA1_Channel1_IRQHandler
    startup_stm32f072xb.o(RESET) refers to stm32f0xx_it.o(i.TIM6_DAC_IRQHandler) for TIM6_DAC_IRQHandler
    startup_stm32f072xb.o(RESET) refers to stm32f0xx_it.o(i.USART2_IRQHandler) for USART2_IRQHandler
    startup_stm32f072xb.o(.text) refers to system_stm32f0xx.o(i.SystemInit) for SystemInit
    startup_stm32f072xb.o(.text) refers to entry.o(.ARM.Collect$$$$00000000) for __main
    main.o(i.MX_ADC_Init) refers to stm32f0xx_hal_adc.o(i.HAL_ADC_Init) for HAL_ADC_Init
    main.o(i.MX_ADC_Init) refers to stm32f0xx_hal_adc.o(i.HAL_ADC_ConfigChannel) for HAL_ADC_ConfigChannel
    main.o(i.MX_ADC_Init) refers to main.o(.bss) for .bss
    main.o(i.MX_GPIO_Init) refers to stm32f0xx_hal_gpio.o(i.HAL_GPIO_WritePin) for HAL_GPIO_WritePin
    main.o(i.MX_GPIO_Init) refers to stm32f0xx_hal_gpio.o(i.HAL_GPIO_Init) for HAL_GPIO_Init
    main.o(i.MX_I2C1_Init) refers to stm32f0xx_hal_i2c.o(i.HAL_I2C_Init) for HAL_I2C_Init
    main.o(i.MX_I2C1_Init) refers to stm32f0xx_hal_i2c_ex.o(i.HAL_I2CEx_ConfigAnalogFilter) for HAL_I2CEx_ConfigAnalogFilter
    main.o(i.MX_I2C1_Init) refers to stm32f0xx_hal_i2c_ex.o(i.HAL_I2CEx_ConfigDigitalFilter) for HAL_I2CEx_ConfigDigitalFilter
    main.o(i.MX_I2C1_Init) refers to main.o(.bss) for .bss
    main.o(i.MX_TIM1_Init) refers to stm32f0xx_hal_tim.o(i.HAL_TIM_Base_Init) for HAL_TIM_Base_Init
    main.o(i.MX_TIM1_Init) refers to stm32f0xx_hal_tim.o(i.HAL_TIM_ConfigClockSource) for HAL_TIM_ConfigClockSource
    main.o(i.MX_TIM1_Init) refers to stm32f0xx_hal_tim.o(i.HAL_TIM_PWM_Init) for HAL_TIM_PWM_Init
    main.o(i.MX_TIM1_Init) refers to stm32f0xx_hal_tim_ex.o(i.HAL_TIMEx_MasterConfigSynchronization) for HAL_TIMEx_MasterConfigSynchronization
    main.o(i.MX_TIM1_Init) refers to stm32f0xx_hal_tim.o(i.HAL_TIM_PWM_ConfigChannel) for HAL_TIM_PWM_ConfigChannel
    main.o(i.MX_TIM1_Init) refers to stm32f0xx_hal_tim_ex.o(i.HAL_TIMEx_ConfigBreakDeadTime) for HAL_TIMEx_ConfigBreakDeadTime
    main.o(i.MX_TIM1_Init) refers to stm32f0xx_hal_msp.o(i.HAL_TIM_MspPostInit) for HAL_TIM_MspPostInit
    main.o(i.MX_TIM1_Init) refers to main.o(.bss) for .bss
    main.o(i.MX_TIM6_Init) refers to stm32f0xx_hal_tim.o(i.HAL_TIM_Base_Init) for HAL_TIM_Base_Init
    main.o(i.MX_TIM6_Init) refers to stm32f0xx_hal_tim_ex.o(i.HAL_TIMEx_MasterConfigSynchronization) for HAL_TIMEx_MasterConfigSynchronization
    main.o(i.MX_TIM6_Init) refers to main.o(.bss) for .bss
    main.o(i.MX_USART2_UART_Init) refers to stm32f0xx_hal_uart.o(i.HAL_UART_Init) for HAL_UART_Init
    main.o(i.MX_USART2_UART_Init) refers to main.o(.bss) for .bss
    main.o(i.SystemClock_Config) refers to stm32f0xx_hal_rcc.o(i.HAL_RCC_OscConfig) for HAL_RCC_OscConfig
    main.o(i.SystemClock_Config) refers to stm32f0xx_hal_rcc.o(i.HAL_RCC_ClockConfig) for HAL_RCC_ClockConfig
    main.o(i.SystemClock_Config) refers to stm32f0xx_hal_rcc_ex.o(i.HAL_RCCEx_PeriphCLKConfig) for HAL_RCCEx_PeriphCLKConfig
    main.o(i.SystemClock_Config) refers to stm32f0xx_hal_rcc.o(i.HAL_RCC_GetHCLKFreq) for HAL_RCC_GetHCLKFreq
    main.o(i.SystemClock_Config) refers to uidiv.o(.text) for __aeabi_uidivmod
    main.o(i.SystemClock_Config) refers to stm32f0xx_hal_cortex.o(i.HAL_SYSTICK_Config) for HAL_SYSTICK_Config
    main.o(i.SystemClock_Config) refers to stm32f0xx_hal_cortex.o(i.HAL_SYSTICK_CLKSourceConfig) for HAL_SYSTICK_CLKSourceConfig
    main.o(i.SystemClock_Config) refers to stm32f0xx_hal_cortex.o(i.HAL_NVIC_SetPriority) for HAL_NVIC_SetPriority
    main.o(i.fputc) refers to stm32f0xx_hal_uart.o(i.HAL_UART_Transmit) for HAL_UART_Transmit
    main.o(i.fputc) refers to main.o(.bss) for .bss
    main.o(i.main) refers to stm32f0xx_hal.o(i.HAL_Init) for HAL_Init
    main.o(i.main) refers to main.o(i.SystemClock_Config) for SystemClock_Config
[...]
    ..\Src\message.c                         0x00000000   Number         0  message.o ABSOLUTE
    ..\Src\stm32f0xx_hal_msp.c               0x00000000   Number         0  stm32f0xx_hal_msp.o ABSOLUTE
    ..\Src\stm32f0xx_it.c                    0x00000000   Number         0  stm32f0xx_it.o ABSOLUTE
    ..\Src\system_stm32f0xx.c                0x00000000   Number         0  system_stm32f0xx.o ABSOLUTE
    ..\Src\task_protocol.c                   0x00000000   Number         0  task_protocol.o ABSOLUTE
    ..\\Src\\Keyboard.c                      0x00000000   Number         0  keyboard.o ABSOLUTE
    ..\\Src\\MCP3421.c                       0x00000000   Number         0  mcp3421.o ABSOLUTE
    ..\\Src\\PowerCtr.c                      0x00000000   Number         0  powerctr.o ABSOLUTE
    ..\\Src\\SysTickTaskManager.c            0x00000000   Number         0  systicktaskmanager.o ABSOLUTE
    ..\\Src\\UartServer.c                    0x00000000   Number         0  uartserver.o ABSOLUTE
    ..\\Src\\User.c                          0x00000000   Number         0  user.o ABSOLUTE
    ..\\Src\\lcd.c                           0x00000000   Number         0  lcd.o ABSOLUTE
    ..\\Src\\message.c                       0x00000000   Number         0  message.o ABSOLUTE
    ..\\Src\\task_protocol.c                 0x00000000   Number         0  task_protocol.o ABSOLUTE
    cdcmple.s                                0x00000000   Number         0  cdcmple.o ABSOLUTE
    cdrcmple.s                               0x00000000   Number         0  cdrcmple.o ABSOLUTE
    cfcmple.s                                0x00000000   Number         0  cfcmple.o ABSOLUTE
    dc.s                                     0x00000000   Number         0  dc.o ABSOLUTE
    handlers.s                               0x00000000   Number         0  handlers.o ABSOLUTE
    init.s                                   0x00000000   Number         0  init.o ABSOLUTE
    startup_stm32f072xb.s                    0x00000000   Number         0  startup_stm32f072xb.o ABSOLUTE
    RESET                                    0x08000000   Section      192  startup_stm32f072xb.o(RESET)
    .ARM.Collect$$$$00000000                 0x080000c0   Section        0  entry.o(.ARM.Collect$$$$00000000)
    .ARM.Collect$$$$00000001                 0x080000c0   Section        4  entry2.o(.ARM.Collect$$$$00000001)
    .ARM.Collect$$$$00000004                 0x080000c4   Section        4  entry5.o(.ARM.Collect$$$$00000004)
    .ARM.Collect$$$$00000008                 0x080000c8   Section        0  entry7b.o(.ARM.Collect$$$$00000008)
    .ARM.Collect$$$$0000000A                 0x080000c8   Section        0  entry8b.o(.ARM.Collect$$$$0000000A)
    .ARM.Collect$$$$0000000B                 0x080000c8   Section        8  entry9a.o(.ARM.Collect$$$$0000000B)
    .ARM.Collect$$$$0000000D                 0x080000d0   Section        0  entry10a.o(.ARM.Collect$$$$0000000D)
    .ARM.Collect$$$$0000000F                 0x080000d0   Section        0  entry11a.o(.ARM.Collect$$$$0000000F)
    .ARM.Collect$$$$00002712                 0x080000d0   Section        4  entry2.o(.ARM.Collect$$$$00002712)
    __lit__00000000                          0x080000d0   Data           4  entry2.o(.ARM.Collect$$$$00002712)
    .text                                    0x080000d4   Section       28  startup_stm32f072xb.o(.text)
    .text                                    0x080000f0   Section        0  uidiv.o(.text)
    .text                                    0x0800011c   Section        0  llushr.o(.text)
    .text                                    0x0800013e   Section        0  memseta.o(.text)
    .text                                    0x08000162   Section        0  fadd.o(.text)
    .text                                    0x08000214   Section        0  fmul.o(.text)
    .text                                    0x0800028e   Section        0  fdiv.o(.text)
    .text                                    0x0800030c   Section        0  dadd.o(.text)
    .text                                    0x08000470   Section        0  dmul.o(.text)
    .text                                    0x08000540   Section        0  ddiv.o(.text)
    .text                                    0x08000630   Section        0  dscalb.o(.text)
    .text                                    0x0800065c   Section        0  fflti.o(.text)
    .text                                    0x08000672   Section        0  ffltui.o(.text)
    .text                                    0x08000680   Section        0  dfltui.o(.text)
    .text                                    0x0800069c   Section        0  ffixui.o(.text)
    .text                                    0x080006c4   Section        0  f2d.o(.text)
    .text                                    0x080006ec   Section       40  cdcmple.o(.text)
    .text                                    0x08000714   Section       40  cdrcmple.o(.text)
    .text                                    0x0800073c   Section        0  d2f.o(.text)
    .text                                    0x08000774   Section       20  cfcmple.o(.text)
    .text                                    0x08000788   Section        0  llshl.o(.text)
    .text                                    0x080007a8   Section        0  llsshr.o(.text)
    .text                                    0x080007ce   Section        0  iusefp.o(.text)
    .text                                    0x080007ce   Section        0  fepilogue.o(.text)
    .text                                    0x08000850   Section        0  depilogue.o(.text)
    .text                                    0x08000910   Section       36  init.o(.text)
    i.ADC_DMAConvCplt                        0x08000934   Section        0  stm32f0xx_hal_adc.o(i.ADC_DMAConvCplt)
    ADC_DMAConvCplt                          0x08000935   Thumb Code   108  stm32f0xx_hal_adc.o(i.ADC_DMAConvCplt)
    i.ADC_DMAError                           0x080009a0   Section        0  stm32f0xx_hal_adc.o(i.ADC_DMAError)
    ADC_DMAError                             0x080009a1   Thumb Code    26  stm32f0xx_hal_adc.o(i.ADC_DMAError)
    i.ADC_DMAHalfConvCplt                    0x080009ba   Section        0  stm32f0xx_hal_adc.o(i.ADC_DMAHalfConvCplt)
    ADC_DMAHalfConvCplt                      0x080009bb   Thumb Code    10  stm32f0xx_hal_adc.o(i.ADC_DMAHalfConvCplt)
    i.ADC_Enable                             0x080009c4   Section        0  stm32f0xx_hal_adc.o(i.ADC_Enable)
    ADC_Enable                               0x080009c5   Thumb Code   120  stm32f0xx_hal_adc.o(i.ADC_Enable)
    i.AppTaskProtoParse                      0x08000a48   Section        0  task_protocol.o(i.AppTaskProtoParse)
    i.CheckCurrentResistorsProc              0x08000aa8   Section        0  user.o(i.CheckCurrentResistorsProc)
    i.DMA1_Channel1_IRQHandler               0x08000bd8   Section        0  stm32f0xx_it.o(i.DMA1_Channel1_IRQHandler)
    i.DMA_CalcBaseAndBitshift                0x08000be8   Section        0  stm32f0xx_hal_dma.o(i.DMA_CalcBaseAndBitshift)
    DMA_CalcBaseAndBitshift                  0x08000be9   Thumb Code    26  stm32f0xx_hal_dma.o(i.DMA_CalcBaseAndBitshift)
    i.DMA_SetConfig                          0x08000c0c   Section        0  stm32f0xx_hal_dma.o(i.DMA_SetConfig)
    DMA_SetConfig                            0x08000c0d   Thumb Code    40  stm32f0xx_hal_dma.o(i.DMA_SetConfig)
    i.Disp_Num                               0x08000c34   Section        0  lcd.o(i.Disp_Num)
    i.DispatchMessage                        0x08000cc4   Section        0  message.o(i.DispatchMessage)
    i.GetADC_AverageValuea                   0x08000ccc   Section        0  powerctr.o(i.GetADC_AverageValuea)
    i.GetCurrentResistors                    0x08000cf8   Section        0  powerctr.o(i.GetCurrentResistors)
    i.GetCurrentTemperature                  0x08000d04   Section        0  powerctr.o(i.GetCurrentTemperature)
    i.GetMCP3421_Voltage                     0x08000d9c   Section        0  powerctr.o(i.GetMCP3421_Voltage)
    i.GetMessage                             0x08000de8   Section        0  message.o(i.GetMessage)
    i.GetPIDCtrMode                          0x08000e3c   Section        0  powerctr.o(i.GetPIDCtrMode)
    i.GetPIDCtrState                         0x08000e48   Section        0  powerctr.o(i.GetPIDCtrState)
    i.GetTargePower                          0x08000e54   Section        0  powerctr.o(i.GetTargePower)
    i.GetTargeTemperature                    0x08000e60   Section        0  powerctr.o(i.GetTargeTemperature)
    i.HAL_ADCEx_Calibration_Start            0x08000e6c   Section        0  stm32f0xx_hal_adc_ex.o(i.HAL_ADCEx_Calibration_Start)
    i.HAL_ADC_ConfigChannel                  0x08000f1c   Section        0  stm32f0xx_hal_adc.o(i.HAL_ADC_ConfigChannel)
    i.HAL_ADC_ConvCpltCallback               0x08001048   Section        0  stm32f0xx_hal_adc.o(i.HAL_ADC_ConvCpltCallback)
    i.HAL_ADC_ConvHalfCpltCallback           0x0800104a   Section        0  stm32f0xx_hal_adc.o(i.HAL_ADC_ConvHalfCpltCallback)
    i.HAL_ADC_ErrorCallback                  0x0800104c   Section        0  stm32f0xx_hal_adc.o(i.HAL_ADC_ErrorCallback)
    i.HAL_ADC_Init                           0x08001050   Section        0  stm32f0xx_hal_adc.o(i.HAL_ADC_Init)
    i.HAL_ADC_MspInit                        0x080011c4   Section        0  stm32f0xx_hal_msp.o(i.HAL_ADC_MspInit)
    i.HAL_ADC_Start_DMA                      0x0800125c   Section        0  stm32f0xx_hal_adc.o(i.HAL_ADC_Start_DMA)
    i.HAL_DMA_Abort_IT                       0x080012fc   Section        0  stm32f0xx_hal_dma.o(i.HAL_DMA_Abort_IT)
    i.HAL_DMA_IRQHandler                     0x08001344   Section        0  stm32f0xx_hal_dma.o(i.HAL_DMA_IRQHandler)
    i.HAL_DMA_Init                           0x080013e0   Section        0  stm32f0xx_hal_dma.o(i.HAL_DMA_Init)
    i.HAL_DMA_Start_IT                       0x08001438   Section        0  stm32f0xx_hal_dma.o(i.HAL_DMA_Start_IT)
    i.HAL_Delay                              0x080014a2   Section        0  stm32f0xx_hal.o(i.HAL_Delay)
    i.HAL_GPIO_Init                          0x080014c0   Section        0  stm32f0xx_hal_gpio.o(i.HAL_GPIO_Init)
    i.HAL_GPIO_ReadPin                       0x08001618   Section        0  stm32f0xx_hal_gpio.o(i.HAL_GPIO_ReadPin)
    i.HAL_GPIO_WritePin                      0x08001622   Section        0  stm32f0xx_hal_gpio.o(i.HAL_GPIO_WritePin)
    i.HAL_GetTick                            0x08001630   Section        0  stm32f0xx_hal.o(i.HAL_GetTick)
    i.HAL_I2CEx_ConfigAnalogFilter           0x0800163c   Section        0  stm32f0xx_hal_i2c_ex.o(i.HAL_I2CEx_ConfigAnalogFilter)
    i.HAL_I2CEx_ConfigDigitalFilter          0x08001686   Section        0  stm32f0xx_hal_i2c_ex.o(i.HAL_I2CEx_ConfigDigitalFilter)
    i.HAL_I2C_Init                           0x080016d0   Section        0  stm32f0xx_hal_i2c.o(i.HAL_I2C_Init)
    i.HAL_I2C_Master_Receive                 0x08001784   Section        0  stm32f0xx_hal_i2c.o(i.HAL_I2C_Master_Receive)
    i.HAL_I2C_Master_Transmit                0x0800189c   Section        0  stm32f0xx_hal_i2c.o(i.HAL_I2C_Master_Transmit)
    i.HAL_I2C_Mem_Write                      0x080019b4   Section        0  stm32f0xx_hal_i2c.o(i.HAL_I2C_Mem_Write)
    i.HAL_I2C_MspInit                        0x08001b08   Section        0  stm32f0xx_hal_msp.o(i.HAL_I2C_MspInit)
    i.HAL_IncTick                            0x08001b50   Section        0  stm32f0xx_hal.o(i.HAL_IncTick)
    i.HAL_Init                               0x08001b60   Section        0  stm32f0xx_hal.o(i.HAL_Init)
    i.HAL_InitTick                           0x08001b80   Section        0  stm32f0xx_hal.o(i.HAL_InitTick)
    i.HAL_MspInit                            0x08001ba4   Section        0  stm32f0xx_hal_msp.o(i.HAL_MspInit)
    i.HAL_NVIC_EnableIRQ                     0x08001bdc   Section        0  stm32f0xx_hal_cortex.o(i.HAL_NVIC_EnableIRQ)
    i.HAL_NVIC_SetPriority                   0x08001bf0   Section        0  stm32f0xx_hal_cortex.o(i.HAL_NVIC_SetPriority)
    i.HAL_RCCEx_PeriphCLKConfig              0x08001bf8   Section        0  stm32f0xx_hal_rcc_ex.o(i.HAL_RCCEx_PeriphCLKConfig)
    i.HAL_RCC_ClockConfig                    0x08001d18   Section        0  stm32f0xx_hal_rcc.o(i.HAL_RCC_ClockConfig)
    i.HAL_RCC_GetHCLKFreq                    0x08001e6c   Section        0  stm32f0xx_hal_rcc.o(i.HAL_RCC_GetHCLKFreq)
    i.HAL_RCC_GetPCLK1Freq                   0x08001e78   Section        0  stm32f0xx_hal_rcc.o(i.HAL_RCC_GetPCLK1Freq)
    i.HAL_RCC_GetSysClockFreq                0x08001e98   Section        0  stm32f0xx_hal_rcc.o(i.HAL_RCC_GetSysClockFreq)
    i.HAL_RCC_OscConfig                      0x08001f20   Section        0  stm32f0xx_hal_rcc.o(i.HAL_RCC_OscConfig)
    i.HAL_SYSTICK_CLKSourceConfig            0x080022f8   Section        0  stm32f0xx_hal_cortex.o(i.HAL_SYSTICK_CLKSourceConfig)
    i.HAL_SYSTICK_Callback                   0x08002310   Section        0  systicktaskmanager.o(i.HAL_SYSTICK_Callback)
    i.HAL_SYSTICK_Config                     0x08002314   Section        0  stm32f0xx_hal_cortex.o(i.HAL_SYSTICK_Config)
    i.HAL_SYSTICK_IRQHandler                 0x08002344   Section        0  stm32f0xx_hal_cortex.o(i.HAL_SYSTICK_IRQHandler)
    i.HAL_TIMEx_BreakCallback                0x0800234c   Section        0  stm32f0xx_hal_tim_ex.o(i.HAL_TIMEx_BreakCallback)
    i.HAL_TIMEx_CommutationCallback          0x0800234e   Section        0  stm32f0xx_hal_tim_ex.o(i.HAL_TIMEx_CommutationCallback)
    i.HAL_TIMEx_ConfigBreakDeadTime          0x08002350   Section        0  stm32f0xx_hal_tim_ex.o(i.HAL_TIMEx_ConfigBreakDeadTime)
    i.HAL_TIMEx_MasterConfigSynchronization  0x080023b0   Section        0  stm32f0xx_hal_tim_ex.o(i.HAL_TIMEx_MasterConfigSynchronization)
    i.HAL_TIMEx_PWMN_Start                   0x080023f8   Section        0  stm32f0xx_hal_tim_ex.o(i.HAL_TIMEx_PWMN_Start)
    i.HAL_TIM_Base_Init                      0x0800241e   Section        0  stm32f0xx_hal_tim.o(i.HAL_TIM_Base_Init)
    i.HAL_TIM_Base_MspInit                   0x08002454   Section        0  stm32f0xx_hal_msp.o(i.HAL_TIM_Base_MspInit)
    i.HAL_TIM_Base_Start_IT                  0x080024a4   Section        0  stm32f0xx_hal_tim.o(i.HAL_TIM_Base_Start_IT)
    i.HAL_TIM_ConfigClockSource              0x080024ba   Section        0  stm32f0xx_hal_tim.o(i.HAL_TIM_ConfigClockSource)
    i.HAL_TIM_IC_CaptureCallback             0x080025a8   Section        0  stm32f0xx_hal_tim.o(i.HAL_TIM_IC_CaptureCallback)
    i.HAL_TIM_IRQHandler                     0x080025aa   Section        0  stm32f0xx_hal_tim.o(i.HAL_TIM_IRQHandler)
    i.HAL_TIM_MspPostInit                    0x0800270c   Section        0  stm32f0xx_hal_msp.o(i.HAL_TIM_MspPostInit)
    i.HAL_TIM_OC_DelayElapsedCallback        0x08002750   Section        0  stm32f0xx_hal_tim.o(i.HAL_TIM_OC_DelayElapsedCallback)
    i.HAL_TIM_PWM_ConfigChannel              0x08002752   Section        0  stm32f0xx_hal_tim.o(i.HAL_TIM_PWM_ConfigChannel)
    i.HAL_TIM_PWM_Init                       0x08002822   Section        0  stm32f0xx_hal_tim.o(i.HAL_TIM_PWM_Init)
    i.HAL_TIM_PWM_MspInit                    0x08002856   Section        0  stm32f0xx_hal_tim.o(i.HAL_TIM_PWM_MspInit)
    i.HAL_TIM_PWM_PulseFinishedCallback      0x08002858   Section        0  stm32f0xx_hal_tim.o(i.HAL_TIM_PWM_PulseFinishedCallback)
    i.HAL_TIM_PWM_Start                      0x0800285c   Section        0  stm32f0xx_hal_tim.o(i.HAL_TIM_PWM_Start)
    i.HAL_TIM_PeriodElapsedCallback          0x080028ac   Section        0  stm32f0xx_hal_tim.o(i.HAL_TIM_PeriodElapsedCallback)
    i.HAL_TIM_TriggerCallback                0x080028ae   Section        0  stm32f0xx_hal_tim.o(i.HAL_TIM_TriggerCallback)
    i.HAL_UARTEx_WakeupCallback              0x080028b0   Section        0  stm32f0xx_hal_uart_ex.o(i.HAL_UARTEx_WakeupCallback)
    i.HAL_UART_ErrorCallback                 0x080028b2   Section        0  stm32f0xx_hal_uart.o(i.HAL_UART_ErrorCallback)
    i.HAL_UART_IRQHandler                    0x080028b4   Section        0  stm32f0xx_hal_uart.o(i.HAL_UART_IRQHandler)
    i.HAL_UART_Init                          0x080029e8   Section        0  stm32f0xx_hal_uart.o(i.HAL_UART_Init)
    i.HAL_UART_MspInit                       0x08002a54   Section        0  stm32f0xx_hal_msp.o(i.HAL_UART_MspInit)
    i.HAL_UART_Receive_IT                    0x08002aac   Section        0  stm32f0xx_hal_uart.o(i.HAL_UART_Receive_IT)
    i.HAL_UART_RxCpltCallback                0x08002b4c   Section        0  task_protocol.o(i.HAL_UART_RxCpltCallback)
    i.HAL_UART_TxCpltCallback                0x08002b88   Section        0  stm32f0xx_hal_uart.o(i.HAL_UART_TxCpltCallback)
    i.HardFault_Handler                      0x08002b8a   Section        0  stm32f0xx_it.o(i.HardFault_Handler)
    i.I2C_Flush_TXDR                         0x08002b8c   Section        0  stm32f0xx_hal_i2c.o(i.I2C_Flush_TXDR)
    I2C_Flush_TXDR                           0x08002b8d   Thumb Code    34  stm32f0xx_hal_i2c.o(i.I2C_Flush_TXDR)
    i.I2C_IsAcknowledgeFailed                0x08002bb0   Section        0  stm32f0xx_hal_i2c.o(i.I2C_IsAcknowledgeFailed)
    I2C_IsAcknowledgeFailed                  0x08002bb1   Thumb Code   110  stm32f0xx_hal_i2c.o(i.I2C_IsAcknowledgeFailed)
    i.I2C_RequestMemoryWrite                 0x08002c24   Section        0  stm32f0xx_hal_i2c.o(i.I2C_RequestMemoryWrite)
    I2C_RequestMemoryWrite                   0x08002c25   Thumb Code   106  stm32f0xx_hal_i2c.o(i.I2C_RequestMemoryWrite)
    i.I2C_TransferConfig                     0x08002c90   Section        0  stm32f0xx_hal_i2c.o(i.I2C_TransferConfig)
    I2C_TransferConfig                       0x08002c91   Thumb Code    30  stm32f0xx_hal_i2c.o(i.I2C_TransferConfig)
    i.I2C_WaitOnFlagUntilTimeout             0x08002cb4   Section        0  stm32f0xx_hal_i2c.o(i.I2C_WaitOnFlagUntilTimeout)
    I2C_WaitOnFlagUntilTimeout               0x08002cb5   Thumb Code    72  stm32f0xx_hal_i2c.o(i.I2C_WaitOnFlagUntilTimeout)
    i.I2C_WaitOnRXNEFlagUntilTimeout         0x08002cfc   Section        0  stm32f0xx_hal_i2c.o(i.I2C_WaitOnRXNEFlagUntilTimeout)
    I2C_WaitOnRXNEFlagUntilTimeout           0x08002cfd   Thumb Code   114  stm32f0xx_hal_i2c.o(i.I2C_WaitOnRXNEFlagUntilTimeout)
    i.I2C_WaitOnSTOPFlagUntilTimeout         0x08002d74   Section        0  stm32f0xx_hal_i2c.o(i.I2C_WaitOnSTOPFlagUntilTimeout)
    I2C_WaitOnSTOPFlagUntilTimeout           0x08002d75   Thumb Code    78  stm32f0xx_hal_i2c.o(i.I2C_WaitOnSTOPFlagUntilTimeout)
    i.I2C_WaitOnTXISFlagUntilTimeout         0x08002dc2   Section        0  stm32f0xx_hal_i2c.o(i.I2C_WaitOnTXISFlagUntilTimeout)
    I2C_WaitOnTXISFlagUntilTimeout           0x08002dc3   Thumb Code    82  stm32f0xx_hal_i2c.o(i.I2C_WaitOnTXISFlagUntilTimeout)
    i.Init_LCD                               0x08002e14   Section        0  lcd.o(i.Init_LCD)
    i.KeyEventCallBack                       0x08002ee0   Section        0  user.o(i.KeyEventCallBack)
    i.KeyValConvert                          0x08002fd8   Section        0  user.o(i.KeyValConvert)
    i.LCD_Clear                              0x08003028   Section        0  lcd.o(i.LCD_Clear)
    i.LCD_P6x8Str                            0x0800305c   Section        0  lcd.o(i.LCD_P6x8Str)
    i.LCD_P6x8StrD                           0x080030ac   Section        0  lcd.o(i.LCD_P6x8StrD)
    i.LCD_P8x16Str                           0x080030f4   Section        0  lcd.o(i.LCD_P8x16Str)
    i.LCD_Set_Pos                            0x08003168   Section        0  lcd.o(i.LCD_Set_Pos)
    i.MX_ADC_Init                            0x0800319c   Section        0  main.o(i.MX_ADC_Init)
    MX_ADC_Init                              0x0800319d   Thumb Code   148  main.o(i.MX_ADC_Init)
    i.MX_GPIO_Init                           0x08003238   Section        0  main.o(i.MX_GPIO_Init)
    MX_GPIO_Init                             0x08003239   Thumb Code   142  main.o(i.MX_GPIO_Init)
    i.MX_I2C1_Init                           0x080032d8   Section        0  main.o(i.MX_I2C1_Init)
    MX_I2C1_Init                             0x080032d9   Thumb Code    70  main.o(i.MX_I2C1_Init)
    i.MX_TIM1_Init                           0x0800332c   Section        0  main.o(i.MX_TIM1_Init)
    MX_TIM1_Init                             0x0800332d   Thumb Code   182  main.o(i.MX_TIM1_Init)
    i.MX_TIM6_Init                           0x080033f0   Section        0  main.o(i.MX_TIM6_Init)
    MX_TIM6_Init                             0x080033f1   Thumb Code    50  main.o(i.MX_TIM6_Init)
    i.MX_USART2_UART_Init                    0x08003430   Section        0  main.o(i.MX_USART2_UART_Init)
    MX_USART2_UART_Init                      0x08003431   Thumb Code    46  main.o(i.MX_USART2_UART_Init)
    i.NMI_Handler                            0x08003468   Section        0  stm32f0xx_it.o(i.NMI_Handler)
    i.NVIC_SetPriority                       0x0800346c   Section        0  stm32f0xx_hal_cortex.o(i.NVIC_SetPriority)
    NVIC_SetPriority                         0x0800346d   Thumb Code    60  stm32f0xx_hal_cortex.o(i.NVIC_SetPriority)
    i.OLED_ShowChar                          0x080034b0   Section        0  lcd.o(i.OLED_ShowChar)
    i.PendSV_Handler                         0x08003530   Section        0  stm32f0xx_it.o(i.PendSV_Handler)
    i.PostMessage                            0x08003534   Section        0  message.o(i.PostMessage)
    i.PowerCtrTask                           0x08003598   Section        0  powerctr.o(i.PowerCtrTask)
    i.Read_MCP3421_Data                      0x08003714   Section        0  mcp3421.o(i.Read_MCP3421_Data)
    i.SVC_Handler                            0x08003730   Section        0  stm32f0xx_it.o(i.SVC_Handler)
    i.SetBuckBoostPWM                        0x08003734   Section        0  powerctr.o(i.SetBuckBoostPWM)
    i.SetCurrentResistors                    0x0800378c   Section        0  powerctr.o(i.SetCurrentResistors)
    i.SetPIDCtrMode                          0x08003798   Section        0  powerctr.o(i.SetPIDCtrMode)
    i.SetPIDCtrState                         0x080037a4   Section        0  powerctr.o(i.SetPIDCtrState)
    i.SetPWM_Freq                            0x080037b0   Section        0  powerctr.o(i.SetPWM_Freq)
    i.SetTargePower                          0x080037cc   Section        0  powerctr.o(i.SetTargePower)
    i.SetTargeTemperature                    0x080037d8   Section        0  powerctr.o(i.SetTargeTemperature)
    i.SetUserResistors                       0x080037e4   Section        0  powerctr.o(i.SetUserResistors)
    i.SysTickTaskExecute                     0x080037f0   Section        0  systicktaskmanager.o(i.SysTickTaskExecute)
    i.SysTick_Handler                        0x08003824   Section        0  stm32f0xx_it.o(i.SysTick_Handler)
    i.SystemClock_Config                     0x08003830   Section        0  main.o(i.SystemClock_Config)
    i.SystemInit                             0x080038b4   Section        0  system_stm32f0xx.o(i.SystemInit)
    i.TIM6_DAC_IRQHandler                    0x08003910   Section        0  stm32f0xx_it.o(i.TIM6_DAC_IRQHandler)
    i.TIM_Base_SetConfig                     0x08003920   Section        0  stm32f0xx_hal_tim.o(i.TIM_Base_SetConfig)
    i.TIM_CCxChannelCmd                      0x080039b4   Section        0  stm32f0xx_hal_tim.o(i.TIM_CCxChannelCmd)
    i.TIM_CCxNChannelCmd                     0x080039ca   Section        0  stm32f0xx_hal_tim_ex.o(i.TIM_CCxNChannelCmd)
    TIM_CCxNChannelCmd                       0x080039cb   Thumb Code    22  stm32f0xx_hal_tim_ex.o(i.TIM_CCxNChannelCmd)
    i.TIM_ETR_SetConfig                      0x080039e0   Section        0  stm32f0xx_hal_tim.o(i.TIM_ETR_SetConfig)
    i.TIM_ITRx_SetConfig                     0x080039f6   Section        0  stm32f0xx_hal_tim.o(i.TIM_ITRx_SetConfig)
    TIM_ITRx_SetConfig                       0x080039f7   Thumb Code    16  stm32f0xx_hal_tim.o(i.TIM_ITRx_SetConfig)
    i.TIM_OC1_SetConfig                      0x08003a08   Section        0  stm32f0xx_hal_tim.o(i.TIM_OC1_SetConfig)
    TIM_OC1_SetConfig                        0x08003a09   Thumb Code   120  stm32f0xx_hal_tim.o(i.TIM_OC1_SetConfig)
    i.TIM_OC2_SetConfig                      0x08003a90   Section        0  stm32f0xx_hal_tim.o(i.TIM_OC2_SetConfig)
    i.TIM_OC3_SetConfig                      0x08003b10   Section        0  stm32f0xx_hal_tim.o(i.TIM_OC3_SetConfig)
    TIM_OC3_SetConfig                        0x08003b11   Thumb Code   114  stm32f0xx_hal_tim.o(i.TIM_OC3_SetConfig)
    i.TIM_OC4_SetConfig                      0x08003b94   Section        0  stm32f0xx_hal_tim.o(i.TIM_OC4_SetConfig)
    TIM_OC4_SetConfig                        0x08003b95   Thumb Code    90  stm32f0xx_hal_tim.o(i.TIM_OC4_SetConfig)
    i.TIM_TI1_ConfigInputStage               0x08003c00   Section        0  stm32f0xx_hal_tim.o(i.TIM_TI1_ConfigInputStage)
    TIM_TI1_ConfigInputStage                 0x08003c01   Thumb Code    34  stm32f0xx_hal_tim.o(i.TIM_TI1_ConfigInputStage)
    i.TIM_TI2_ConfigInputStage               0x08003c22   Section        0  stm32f0xx_hal_tim.o(i.TIM_TI2_ConfigInputStage)
    TIM_TI2_ConfigInputStage                 0x08003c23   Thumb Code    38  stm32f0xx_hal_tim.o(i.TIM_TI2_ConfigInputStage)
    i.UART_AdvFeatureConfig                  0x08003c48   Section        0  stm32f0xx_hal_uart.o(i.UART_AdvFeatureConfig)
    i.UART_CheckIdleState                    0x08003d14   Section        0  stm32f0xx_hal_uart.o(i.UART_CheckIdleState)
    i.UART_DMAAbortOnError                   0x08003d88   Section        0  stm32f0xx_hal_uart.o(i.UART_DMAAbortOnError)
    UART_DMAAbortOnError                     0x08003d89   Thumb Code    20  stm32f0xx_hal_uart.o(i.UART_DMAAbortOnError)
    i.UART_EndRxTransfer                     0x08003d9c   Section        0  stm32f0xx_hal_uart.o(i.UART_EndRxTransfer)
    UART_EndRxTransfer                       0x08003d9d   Thumb Code    30  stm32f0xx_hal_uart.o(i.UART_EndRxTransfer)
    i.UART_EndTransmit_IT                    0x08003dba   Section        0  stm32f0xx_hal_uart.o(i.UART_EndTransmit_IT)
    i.UART_Receive_IT                        0x08003dd4   Section        0  stm32f0xx_hal_uart.o(i.UART_Receive_IT)
    i.UART_SetConfig                         0x08003e50   Section        0  stm32f0xx_hal_uart.o(i.UART_SetConfig)
    i.UART_Transmit_IT                       0x08003fac   Section        0  stm32f0xx_hal_uart.o(i.UART_Transmit_IT)
    i.UART_WaitOnFlagUntilTimeout            0x08004012   Section        0  stm32f0xx_hal_uart.o(i.UART_WaitOnFlagUntilTimeout)
    i.USART2_IRQHandler                      0x08004074   Section        0  stm32f0xx_it.o(i.USART2_IRQHandler)
    i.UpdateDisPlayResistors                 0x08004084   Section        0  user.o(i.UpdateDisPlayResistors)
    i.UpdatePID                              0x08004120   Section        0  powerctr.o(i.UpdatePID)
    i.UserSystemStartPoc                     0x080041b4   Section        0  user.o(i.UserSystemStartPoc)
    i.Write_Command                          0x08004274   Section        0  lcd.o(i.Write_Command)
    i.Write_Data                             0x08004298   Section        0  lcd.o(i.Write_Data)
    i.Write_MCP3421_Data                     0x080042bc   Section        0  mcp3421.o(i.Write_MCP3421_Data)
    i._Error_Handler                         0x080042d8   Section        0  main.o(i._Error_Handler)
    i.__ARM_clz                              0x080042da   Section        0  depilogue.o(i.__ARM_clz)
    i.__ARM_common_switch8                   0x08004308   Section        0  task_protocol.o(i.__ARM_common_switch8)
    i.__scatterload_copy                     0x08004322   Section       14  handlers.o(i.__scatterload_copy)
    i.__scatterload_null                     0x08004330   Section        2  handlers.o(i.__scatterload_null)
    i.__scatterload_zeroinit                 0x08004332   Section       14  handlers.o(i.__scatterload_zeroinit)
    i._proto_parse                           0x08004340   Section        0  task_protocol.o(i._proto_parse)
    _proto_parse                             0x08004341   Thumb Code   156  task_protocol.o(i._proto_parse)
    i.free                                   0x080043e0   Section        0  malloc.o(i.free)
    i.handle_proto_data                      0x08004434   Section        0  task_protocol.o(i.handle_proto_data)
    i.keyScanTask                            0x08004438   Section        0  keyboard.o(i.keyScanTask)
    i.main                                   0x080044f4   Section        0  main.o(i.main)
    i.malloc                                 0x08004594   Section        0  malloc.o(i.malloc)
    .constdata                               0x08004600   Section       16  system_stm32f0xx.o(.constdata)
    .constdata                               0x08004610   Section        8  system_stm32f0xx.o(.constdata)
    .constdata                               0x08004618   Section     5938  lcd.o(.constdata)
    .constdata                               0x08005d4c   Section       60  powerctr.o(.constdata)
    .data                                    0x20000000   Section        4  system_stm32f0xx.o(.data)
    .data                                    0x20000004   Section       12  message.o(.data)
    .data                                    0x20000010   Section       60  systicktaskmanager.o(.data)
    SysTickTask_Tab                          0x20000010   Data          60  systicktaskmanager.o(.data)
    .data                                    0x2000004c   Section        1  lcd.o(.data)
    Display_orientation                      0x2000004c   Data           1  lcd.o(.data)
    .data                                    0x20000050   Section      128  powerctr.o(.data)
    PIDCtrState                              0x20000050   Data           1  powerctr.o(.data)
    PIDCtrMode                               0x20000051   Data           1  powerctr.o(.data)
    TargePower                               0x20000052   Data           2  powerctr.o(.data)
    TargeTemperature                         0x20000054   Data           2  powerctr.o(.data)
    CurrentResistors                         0x20000058   Data           4  powerctr.o(.data)
    UserResistors                            0x2000005c   Data           4  powerctr.o(.data)
    .data                                    0x200000d0   Section        3  user.o(.data)
    ProcState                                0x200000d0   Data           1  user.o(.data)
    ProcCount                                0x200000d1   Data           1  user.o(.data)
    FirstState                               0x200000d2   Data           1  user.o(.data)
    .data                                    0x200000d4   Section       16  keyboard.o(.data)
    KeyDoubleBackup                          0x200000d4   Data           4  keyboard.o(.data)
    KeyDoubleCnt                             0x200000d8   Data           4  keyboard.o(.data)
    KeyISRDevHandle                          0x200000dc   Data           8  keyboard.o(.data)
    .data                                    0x200000e4   Section        4  uartserver.o(.data)
    RecIndex                                 0x200000e4   Data           1  uartserver.o(.data)
    RecTimer                                 0x200000e5   Data           1  uartserver.o(.data)
    RecReadyFlag                             0x200000e6   Data           1  uartserver.o(.data)
    .data                                    0x200000e8   Section        4  stm32f0xx_hal.o(.data)
    .data                                    0x200000ec   Section        4  mvars.o(.data)
    .data                                    0x200000f0   Section        4  mvars.o(.data)
    .bss                                     0x200000f4   Section      492  main.o(.bss)
    .bss                                     0x200002e0   Section       68  main.o(.bss)
    .bss                                     0x20000324   Section      512  message.o(.bss)
    .bss                                     0x20000524   Section      168  task_protocol.o(.bss)
    HEAP                                     0x200005d0   Section      512  startup_stm32f072xb.o(HEAP)
    STACK                                    0x200007d0   Section     1024  startup_stm32f072xb.o(STACK)

    Global Symbols

    Symbol Name                              Value     Ov Type        Size  Object(Section)

    BuildAttributes$$THM_ISAv3M$S$PE$A:L22$X:L11$S22$IEEE1$IW$USESV6$~STKCKD$USESV7$~SHL$OTIME$ROPI$EBA8$MICROLIB$REQ8$PRES8$EABIv2 0x00000000   Number         0  anon$$obj.o ABSOLUTE
    __ARM_use_no_argv                        0x00000000   Number         0  main.o ABSOLUTE
    __cpp_initialize__aeabi_                  - Undefined Weak Reference
    __cxa_finalize                            - Undefined Weak Reference
    __decompress                              - Undefined Weak Reference
    _clock_init                               - Undefined Weak Reference
    _microlib_exit                            - Undefined Weak Reference
    __Vectors_Size                           0x000000c0   Number         0  startup_stm32f072xb.o ABSOLUTE
    __Vectors                                0x08000000   Data           4  startup_stm32f072xb.o(RESET)
    __Vectors_End                            0x080000c0   Data           0  startup_stm32f072xb.o(RESET)
    __main                                   0x080000c1   Thumb Code     0  entry.o(.ARM.Collect$$$$00000000)
    _main_stk                                0x080000c1   Thumb Code     0  entry2.o(.ARM.Collect$$$$00000001)
    _main_scatterload                        0x080000c5   Thumb Code     0  entry5.o(.ARM.Collect$$$$00000004)
    __main_after_scatterload                 0x080000c9   Thumb Code     0  entry5.o(.ARM.Collect$$$$00000004)
    _main_clock                              0x080000c9   Thumb Code     0  entry7b.o(.ARM.Collect$$$$00000008)
    _main_cpp_init                           0x080000c9   Thumb Code     0  entry8b.o(.ARM.Collect$$$$0000000A)
    _main_init                               0x080000c9   Thumb Code     0  entry9a.o(.ARM.Collect$$$$0000000B)
    __rt_final_cpp                           0x080000d1   Thumb Code     0  entry10a.o(.ARM.Collect$$$$0000000D)
    __rt_final_exit                          0x080000d1   Thumb Code     0  entry11a.o(.ARM.Collect$$$$0000000F)
    Reset_Handler                            0x080000d5   Thumb Code     8  startup_stm32f072xb.o(.text)
    ADC1_COMP_IRQHandler                     0x080000e7   Thumb Code     0  startup_stm32f072xb.o(.text)
    CEC_CAN_IRQHandler                       0x080000e7   Thumb Code     0  startup_stm32f072xb.o(.text)
    DMA1_Channel2_3_IRQHandler               0x080000e7   Thumb Code     0  startup_stm32f072xb.o(.text)
    DMA1_Channel4_5_6_7_IRQHandler           0x080000e7   Thumb Code     0  startup_stm32f072xb.o(.text)
    EXTI0_1_IRQHandler                       0x080000e7   Thumb Code     0  startup_stm32f072xb.o(.text)
    EXTI2_3_IRQHandler                       0x080000e7   Thumb Code     0  startup_stm32f072xb.o(.text)
    EXTI4_15_IRQHandler                      0x080000e7   Thumb Code     0  startup_stm32f072xb.o(.text)
    FLASH_IRQHandler                         0x080000e7   Thumb Code     0  startup_stm32f072xb.o(.text)
    I2C1_IRQHandler                          0x080000e7   Thumb Code     0  startup_stm32f072xb.o(.text)
    I2C2_IRQHandler                          0x080000e7   Thumb Code     0  startup_stm32f072xb.o(.text)
    PVD_VDDIO2_IRQHandler                    0x080000e7   Thumb Code     0  startup_stm32f072xb.o(.text)
    RCC_CRS_IRQHandler                       0x080000e7   Thumb Code     0  startup_stm32f072xb.o(.text)
    RTC_IRQHandler                           0x080000e7   Thumb Code     0  startup_stm32f072xb.o(.text)
    SPI1_IRQHandler                          0x080000e7   Thumb Code     0  startup_stm32f072xb.o(.text)
    SPI2_IRQHandler                          0x080000e7   Thumb Code     0  startup_stm32f072xb.o(.text)
    TIM14_IRQHandler                         0x080000e7   Thumb Code     0  startup_stm32f072xb.o(.text)
    TIM15_IRQHandler                         0x080000e7   Thumb Code     0  startup_stm32f072xb.o(.text)
    TIM16_IRQHandler                         0x080000e7   Thumb Code     0  startup_stm32f072xb.o(.text)
    TIM17_IRQHandler                         0x080000e7   Thumb Code     0  startup_stm32f072xb.o(.text)
    TIM1_BRK_UP_TRG_COM_IRQHandler           0x080000e7   Thumb Code     0  startup_stm32f072xb.o(.text)
    TIM1_CC_IRQHandler                       0x080000e7   Thumb Code     0  startup_stm32f072xb.o(.text)
    TIM2_IRQHandler                          0x080000e7   Thumb Code     0  startup_stm32f072xb.o(.text)
    TIM3_IRQHandler                          0x080000e7   Thumb Code     0  startup_stm32f072xb.o(.text)
    TIM7_IRQHandler                          0x080000e7   Thumb Code     0  startup_stm32f072xb.o(.text)
    TSC_IRQHandler                           0x080000e7   Thumb Code     0  startup_stm32f072xb.o(.text)
    USART1_IRQHandler                        0x080000e7   Thumb Code     0  startup_stm32f072xb.o(.text)
    USART3_4_IRQHandler                      0x080000e7   Thumb Code     0  startup_stm32f072xb.o(.text)
    USB_IRQHandler                           0x080000e7   Thumb Code     0  startup_stm32f072xb.o(.text)
    WWDG_IRQHandler                          0x080000e7   Thumb Code     0  startup_stm32f072xb.o(.text)
    __aeabi_uidiv                            0x080000f1   Thumb Code     0  uidiv.o(.text)
    __aeabi_uidivmod                         0x080000f1   Thumb Code    44  uidiv.o(.text)
    __aeabi_llsr                             0x0800011d   Thumb Code    34  llushr.o(.text)
    _ll_ushift_r                             0x0800011d   Thumb Code     0  llushr.o(.text)
    __aeabi_memset                           0x0800013f   Thumb Code    14  memseta.o(.text)
    __aeabi_memset4                          0x0800013f   Thumb Code     0  memseta.o(.text)
    __aeabi_memset8                          0x0800013f   Thumb Code     0  memseta.o(.text)
    __aeabi_memclr                           0x0800014d   Thumb Code     4  memseta.o(.text)
    __aeabi_memclr4                          0x0800014d   Thumb Code     0  memseta.o(.text)
    __aeabi_memclr8                          0x0800014d   Thumb Code     0  memseta.o(.text)
    _memset$wrapper                          0x08000151   Thumb Code    18  memseta.o(.text)
    __aeabi_fadd                             0x08000163   Thumb Code   162  fadd.o(.text)
    __aeabi_fsub                             0x08000205   Thumb Code     8  fadd.o(.text)
    __aeabi_frsub                            0x0800020d   Thumb Code     8  fadd.o(.text)
    __aeabi_fmul                             0x08000215   Thumb Code   122  fmul.o(.text)
    __aeabi_fdiv                             0x0800028f   Thumb Code   124  fdiv.o(.text)
    __aeabi_dadd                             0x0800030d   Thumb Code   328  dadd.o(.text)
    __aeabi_dsub                             0x08000455   Thumb Code    12  dadd.o(.text)
    __aeabi_drsub                            0x08000461   Thumb Code    12  dadd.o(.text)
    __aeabi_dmul                             0x08000471   Thumb Code   202  dmul.o(.text)
    __aeabi_ddiv                             0x08000541   Thumb Code   234  ddiv.o(.text)
    __ARM_scalbn                             0x08000631   Thumb Code    44  dscalb.o(.text)
    scalbn                                   0x08000631   Thumb Code     0  dscalb.o(.text)
    __aeabi_i2f                              0x0800065d   Thumb Code    22  fflti.o(.text)
    __aeabi_ui2f                             0x08000673   Thumb Code    14  ffltui.o(.text)
    __aeabi_ui2d                             0x08000681   Thumb Code    24  dfltui.o(.text)
    __aeabi_f2uiz                            0x0800069d   Thumb Code    40  ffixui.o(.text)
    __aeabi_f2d                              0x080006c5   Thumb Code    40  f2d.o(.text)
    __aeabi_cdcmpeq                          0x080006ed   Thumb Code     0  cdcmple.o(.text)
    __aeabi_cdcmple                          0x080006ed   Thumb Code    38  cdcmple.o(.text)
    __aeabi_cdrcmple                         0x08000715   Thumb Code    38  cdrcmple.o(.text)
    __aeabi_d2f                              0x0800073d   Thumb Code    56  d2f.o(.text)
    __aeabi_cfcmpeq                          0x08000775   Thumb Code     0  cfcmple.o(.text)
    __aeabi_cfcmple                          0x08000775   Thumb Code    20  cfcmple.o(.text)
    __aeabi_llsl                             0x08000789   Thumb Code    32  llshl.o(.text)
    _ll_shift_l                              0x08000789   Thumb Code     0  llshl.o(.text)
    __aeabi_lasr                             0x080007a9   Thumb Code    38  llsshr.o(.text)
    _ll_sshift_r                             0x080007a9   Thumb Code     0  llsshr.o(.text)
    __I$use$fp                               0x080007cf   Thumb Code     0  iusefp.o(.text)
    _float_round                             0x080007cf   Thumb Code    16  fepilogue.o(.text)
    _float_epilogue                          0x080007df   Thumb Code   114  fepilogue.o(.text)
    _double_round                            0x08000851   Thumb Code    26  depilogue.o(.text)
    _double_epilogue                         0x0800086b   Thumb Code   164  depilogue.o(.text)
    __scatterload                            0x08000911   Thumb Code    28  init.o(.text)
    __scatterload_rt2                        0x08000911   Thumb Code     0  init.o(.text)
    AppTaskProtoParse                        0x08000a49   Thumb Code    82  task_protocol.o(i.AppTaskProtoParse)
    CheckCurrentResistorsProc                0x08000aa9   Thumb Code   270  user.o(i.CheckCurrentResistorsProc)
    DMA1_Channel1_IRQHandler                 0x08000bd9   Thumb Code    10  stm32f0xx_it.o(i.DMA1_Channel1_IRQHandler)
    Disp_Num                                 0x08000c35   Thumb Code   136  lcd.o(i.Disp_Num)
    DispatchMessage                          0x08000cc5   Thumb Code     8  message.o(i.DispatchMessage)
    GetADC_AverageValuea                     0x08000ccd   Thumb Code    40  powerctr.o(i.GetADC_AverageValuea)
    GetCurrentResistors                      0x08000cf9   Thumb Code     6  powerctr.o(i.GetCurrentResistors)
    GetCurrentTemperature                    0x08000d05   Thumb Code   148  powerctr.o(i.GetCurrentTemperature)
    GetMCP3421_Voltage                       0x08000d9d   Thumb Code    62  powerctr.o(i.GetMCP3421_Voltage)
    GetMessage                               0x08000de9   Thumb Code    74  message.o(i.GetMessage)
    GetPIDCtrMode                            0x08000e3d   Thumb Code     6  powerctr.o(i.GetPIDCtrMode)
    GetPIDCtrState                           0x08000e49   Thumb Code     6  powerctr.o(i.GetPIDCtrState)
    GetTargePower                            0x08000e55   Thumb Code     6  powerctr.o(i.GetTargePower)
    GetTargeTemperature                      0x08000e61   Thumb Code     6  powerctr.o(i.GetTargeTemperature)
    HAL_ADCEx_Calibration_Start              0x08000e6d   Thumb Code   176  stm32f0xx_hal_adc_ex.o(i.HAL_ADCEx_Calibration_Start)
    HAL_ADC_ConfigChannel                    0x08000f1d   Thumb Code   284  stm32f0xx_hal_adc.o(i.HAL_ADC_ConfigChannel)
    HAL_ADC_ConvCpltCallback                 0x08001049   Thumb Code     2  stm32f0xx_hal_adc.o(i.HAL_ADC_ConvCpltCallback)
    HAL_ADC_ConvHalfCpltCallback             0x0800104b   Thumb Code     2  stm32f0xx_hal_adc.o(i.HAL_ADC_ConvHalfCpltCallback)
    HAL_ADC_ErrorCallback                    0x0800104d   Thumb Code     2  stm32f0xx_hal_adc.o(i.HAL_ADC_ErrorCallback)
    HAL_ADC_Init                             0x08001051   Thumb Code   364  stm32f0xx_hal_adc.o(i.HAL_ADC_Init)
    HAL_ADC_MspInit                          0x080011c5   Thumb Code   106  stm32f0xx_hal_msp.o(i.HAL_ADC_MspInit)
    HAL_ADC_Start_DMA                        0x0800125d   Thumb Code   144  stm32f0xx_hal_adc.o(i.HAL_ADC_Start_DMA)
    HAL_DMA_Abort_IT                         0x080012fd   Thumb Code    72  stm32f0xx_hal_dma.o(i.HAL_DMA_Abort_IT)
    HAL_DMA_IRQHandler                       0x08001345   Thumb Code   156  stm32f0xx_hal_dma.o(i.HAL_DMA_IRQHandler)
    HAL_DMA_Init                             0x080013e1   Thumb Code    84  stm32f0xx_hal_dma.o(i.HAL_DMA_Init)
    HAL_DMA_Start_IT                         0x08001439   Thumb Code   106  stm32f0xx_hal_dma.o(i.HAL_DMA_Start_IT)
    HAL_Delay                                0x080014a3   Thumb Code    28  stm32f0xx_hal.o(i.HAL_Delay)
    HAL_GPIO_Init                            0x080014c1   Thumb Code   314  stm32f0xx_hal_gpio.o(i.HAL_GPIO_Init)
    HAL_GPIO_ReadPin                         0x08001619   Thumb Code    10  stm32f0xx_hal_gpio.o(i.HAL_GPIO_ReadPin)
    HAL_GPIO_WritePin                        0x08001623   Thumb Code    12  stm32f0xx_hal_gpio.o(i.HAL_GPIO_WritePin)
    HAL_GetTick                              0x08001631   Thumb Code     6  stm32f0xx_hal.o(i.HAL_GetTick)
    HAL_I2CEx_ConfigAnalogFilter             0x0800163d   Thumb Code    74  stm32f0xx_hal_i2c_ex.o(i.HAL_I2CEx_ConfigAnalogFilter)
    HAL_I2CEx_ConfigDigitalFilter            0x08001687   Thumb Code    72  stm32f0xx_hal_i2c_ex.o(i.HAL_I2CEx_ConfigDigitalFilter)
    HAL_I2C_Init                             0x080016d1   Thumb Code   176  stm32f0xx_hal_i2c.o(i.HAL_I2C_Init)
    HAL_I2C_Master_Receive                   0x08001785   Thumb Code   274  stm32f0xx_hal_i2c.o(i.HAL_I2C_Master_Receive)
    HAL_I2C_Master_Transmit                  0x0800189d   Thumb Code   274  stm32f0xx_hal_i2c.o(i.HAL_I2C_Master_Transmit)
    HAL_I2C_Mem_Write                        0x080019b5   Thumb Code   334  stm32f0xx_hal_i2c.o(i.HAL_I2C_Mem_Write)
    HAL_I2C_MspInit                          0x08001b09   Thumb Code    60  stm32f0xx_hal_msp.o(i.HAL_I2C_MspInit)
    HAL_IncTick                              0x08001b51   Thumb Code    10  stm32f0xx_hal.o(i.HAL_IncTick)
    HAL_Init                                 0x08001b61   Thumb Code    26  stm32f0xx_hal.o(i.HAL_Init)
    HAL_InitTick                             0x08001b81   Thumb Code    34  stm32f0xx_hal.o(i.HAL_InitTick)
    HAL_MspInit                              0x08001ba5   Thumb Code    50  stm32f0xx_hal_msp.o(i.HAL_MspInit)
    HAL_NVIC_EnableIRQ                       0x08001bdd   Thumb Code    14  stm32f0xx_hal_cortex.o(i.HAL_NVIC_EnableIRQ)
    HAL_NVIC_SetPriority                     0x08001bf1   Thumb Code     8  stm32f0xx_hal_cortex.o(i.HAL_NVIC_SetPriority)
    HAL_RCCEx_PeriphCLKConfig                0x08001bf9   Thumb Code   274  stm32f0xx_hal_rcc_ex.o(i.HAL_RCCEx_PeriphCLKConfig)
    HAL_RCC_ClockConfig                      0x08001d19   Thumb Code   320  stm32f0xx_hal_rcc.o(i.HAL_RCC_ClockConfig)
    HAL_RCC_GetHCLKFreq                      0x08001e6d   Thumb Code     6  stm32f0xx_hal_rcc.o(i.HAL_RCC_GetHCLKFreq)
    HAL_RCC_GetPCLK1Freq                     0x08001e79   Thumb Code    20  stm32f0xx_hal_rcc.o(i.HAL_RCC_GetPCLK1Freq)
    HAL_RCC_GetSysClockFreq                  0x08001e99   Thumb Code    90  stm32f0xx_hal_rcc.o(i.HAL_RCC_GetSysClockFreq)
    HAL_RCC_OscConfig                        0x08001f21   Thumb Code   966  stm32f0xx_hal_rcc.o(i.HAL_RCC_OscConfig)
    HAL_SYSTICK_CLKSourceConfig              0x080022f9   Thumb Code    20  stm32f0xx_hal_cortex.o(i.HAL_SYSTICK_CLKSourceConfig)
    HAL_SYSTICK_Callback                     0x08002311   Thumb Code     2  systicktaskmanager.o(i.HAL_SYSTICK_Callback)
    HAL_SYSTICK_Config                       0x08002315   Thumb Code    38  stm32f0xx_hal_cortex.o(i.HAL_SYSTICK_Config)
    HAL_SYSTICK_IRQHandler                   0x08002345   Thumb Code     8  stm32f0xx_hal_cortex.o(i.HAL_SYSTICK_IRQHandler)
    HAL_TIMEx_BreakCallback                  0x0800234d   Thumb Code     2  stm32f0xx_hal_tim_ex.o(i.HAL_TIMEx_BreakCallback)
    HAL_TIMEx_CommutationCallback            0x0800234f   Thumb Code     2  stm32f0xx_hal_tim_ex.o(i.HAL_TIMEx_CommutationCallback)
    HAL_TIMEx_ConfigBreakDeadTime            0x08002351   Thumb Code    96  stm32f0xx_hal_tim_ex.o(i.HAL_TIMEx_ConfigBreakDeadTime)
    HAL_TIMEx_MasterConfigSynchronization    0x080023b1   Thumb Code    72  stm32f0xx_hal_tim_ex.o(i.HAL_TIMEx_MasterConfigSynchronization)
    HAL_TIMEx_PWMN_Start                     0x080023f9   Thumb Code    38  stm32f0xx_hal_tim_ex.o(i.HAL_TIMEx_PWMN_Start)
    HAL_TIM_Base_Init                        0x0800241f   Thumb Code    52  stm32f0xx_hal_tim.o(i.HAL_TIM_Base_Init)
    HAL_TIM_Base_MspInit                     0x08002455   Thumb Code    66  stm32f0xx_hal_msp.o(i.HAL_TIM_Base_MspInit)
    HAL_TIM_Base_Start_IT                    0x080024a5   Thumb Code    22  stm32f0xx_hal_tim.o(i.HAL_TIM_Base_Start_IT)
    HAL_TIM_ConfigClockSource                0x080024bb   Thumb Code   238  stm32f0xx_hal_tim.o(i.HAL_TIM_ConfigClockSource)
    HAL_TIM_IC_CaptureCallback               0x080025a9   Thumb Code     2  stm32f0xx_hal_tim.o(i.HAL_TIM_IC_CaptureCallback)
    HAL_TIM_IRQHandler                       0x080025ab   Thumb Code   354  stm32f0xx_hal_tim.o(i.HAL_TIM_IRQHandler)
    HAL_TIM_MspPostInit                      0x0800270d   Thumb Code    60  stm32f0xx_hal_msp.o(i.HAL_TIM_MspPostInit)
    HAL_TIM_OC_DelayElapsedCallback          0x08002751   Thumb Code     2  stm32f0xx_hal_tim.o(i.HAL_TIM_OC_DelayElapsedCallback)
    HAL_TIM_PWM_ConfigChannel                0x08002753   Thumb Code   208  stm32f0xx_hal_tim.o(i.HAL_TIM_PWM_ConfigChannel)
    HAL_TIM_PWM_Init                         0x08002823   Thumb Code    52  stm32f0xx_hal_tim.o(i.HAL_TIM_PWM_Init)
    HAL_TIM_PWM_MspInit                      0x08002857   Thumb Code     2  stm32f0xx_hal_tim.o(i.HAL_TIM_PWM_MspInit)
    HAL_TIM_PWM_PulseFinishedCallback        0x08002859   Thumb Code     2  stm32f0xx_hal_tim.o(i.HAL_TIM_PWM_PulseFinishedCallback)
    HAL_TIM_PWM_Start                        0x0800285d   Thumb Code    62  stm32f0xx_hal_tim.o(i.HAL_TIM_PWM_Start)
    HAL_TIM_PeriodElapsedCallback            0x080028ad   Thumb Code     2  stm32f0xx_hal_tim.o(i.HAL_TIM_PeriodElapsedCallback)
    HAL_TIM_TriggerCallback                  0x080028af   Thumb Code     2  stm32f0xx_hal_tim.o(i.HAL_TIM_TriggerCallback)
    HAL_UARTEx_WakeupCallback                0x080028b1   Thumb Code     2  stm32f0xx_hal_uart_ex.o(i.HAL_UARTEx_WakeupCallback)
    HAL_UART_ErrorCallback                   0x080028b3   Thumb Code     2  stm32f0xx_hal_uart.o(i.HAL_UART_ErrorCallback)
    HAL_UART_IRQHandler                      0x080028b5   Thumb Code   304  stm32f0xx_hal_uart.o(i.HAL_UART_IRQHandler)
    HAL_UART_Init                            0x080029e9   Thumb Code   108  stm32f0xx_hal_uart.o(i.HAL_UART_Init)
    HAL_UART_MspInit                         0x08002a55   Thumb Code    78  stm32f0xx_hal_msp.o(i.HAL_UART_MspInit)
    HAL_UART_Receive_IT                      0x08002aad   Thumb Code   154  stm32f0xx_hal_uart.o(i.HAL_UART_Receive_IT)
    HAL_UART_RxCpltCallback                  0x08002b4d   Thumb Code    50  task_protocol.o(i.HAL_UART_RxCpltCallback)
    HAL_UART_TxCpltCallback                  0x08002b89   Thumb Code     2  stm32f0xx_hal_uart.o(i.HAL_UART_TxCpltCallback)
    HardFault_Handler                        0x08002b8b   Thumb Code     2  stm32f0xx_it.o(i.HardFault_Handler)
    Init_LCD                                 0x08002e15   Thumb Code   194  lcd.o(i.Init_LCD)
    KeyEventCallBack                         0x08002ee1   Thumb Code   230  user.o(i.KeyEventCallBack)
    KeyValConvert                            0x08002fd9   Thumb Code    74  user.o(i.KeyValConvert)
    LCD_Clear                                0x08003029   Thumb Code    52  lcd.o(i.LCD_Clear)
    LCD_P6x8Str                              0x0800305d   Thumb Code    76  lcd.o(i.LCD_P6x8Str)
    LCD_P6x8StrD                             0x080030ad   Thumb Code    66  lcd.o(i.LCD_P6x8StrD)
    LCD_P8x16Str                             0x080030f5   Thumb Code   112  lcd.o(i.LCD_P8x16Str)
    LCD_Set_Pos                              0x08003169   Thumb Code    46  lcd.o(i.LCD_Set_Pos)
    NMI_Handler                              0x08003469   Thumb Code     2  stm32f0xx_it.o(i.NMI_Handler)
    OLED_ShowChar                            0x080034b1   Thumb Code   118  lcd.o(i.OLED_ShowChar)
    PendSV_Handler                           0x08003531   Thumb Code     2  stm32f0xx_it.o(i.PendSV_Handler)
    PostMessage                              0x08003535   Thumb Code    84  message.o(i.PostMessage)
    PowerCtrTask                             0x08003599   Thumb Code   348  powerctr.o(i.PowerCtrTask)
    Read_MCP3421_Data                        0x08003715   Thumb Code    22  mcp3421.o(i.Read_MCP3421_Data)
    SVC_Handler                              0x08003731   Thumb Code     2  stm32f0xx_it.o(i.SVC_Handler)
    SetBuckBoostPWM                          0x08003735   Thumb Code    78  powerctr.o(i.SetBuckBoostPWM)
    SetCurrentResistors                      0x0800378d   Thumb Code     6  powerctr.o(i.SetCurrentResistors)
    SetPIDCtrMode                            0x08003799   Thumb Code     6  powerctr.o(i.SetPIDCtrMode)
    SetPIDCtrState                           0x080037a5   Thumb Code     6  powerctr.o(i.SetPIDCtrState)
    SetPWM_Freq                              0x080037b1   Thumb Code    24  powerctr.o(i.SetPWM_Freq)
    SetTargePower                            0x080037cd   Thumb Code     6  powerctr.o(i.SetTargePower)
    SetTargeTemperature                      0x080037d9   Thumb Code     6  powerctr.o(i.SetTargeTemperature)
    SetUserResistors                         0x080037e5   Thumb Code     6  powerctr.o(i.SetUserResistors)
    SysTickTaskExecute                       0x080037f1   Thumb Code    48  systicktaskmanager.o(i.SysTickTaskExecute)
    SysTick_Handler                          0x08003825   Thumb Code    12  stm32f0xx_it.o(i.SysTick_Handler)
    SystemClock_Config                       0x08003831   Thumb Code   130  main.o(i.SystemClock_Config)
    SystemInit                               0x080038b5   Thumb Code    76  system_stm32f0xx.o(i.SystemInit)
    TIM6_DAC_IRQHandler                      0x08003911   Thumb Code    10  stm32f0xx_it.o(i.TIM6_DAC_IRQHandler)
    TIM_Base_SetConfig                       0x08003921   Thumb Code   124  stm32f0xx_hal_tim.o(i.TIM_Base_SetConfig)
    TIM_CCxChannelCmd                        0x080039b5   Thumb Code    22  stm32f0xx_hal_tim.o(i.TIM_CCxChannelCmd)
    TIM_ETR_SetConfig                        0x080039e1   Thumb Code    22  stm32f0xx_hal_tim.o(i.TIM_ETR_SetConfig)
    TIM_OC2_SetConfig                        0x08003a91   Thumb Code   110  stm32f0xx_hal_tim.o(i.TIM_OC2_SetConfig)
    UART_AdvFeatureConfig                    0x08003c49   Thumb Code   202  stm32f0xx_hal_uart.o(i.UART_AdvFeatureConfig)
    UART_CheckIdleState                      0x08003d15   Thumb Code   102  stm32f0xx_hal_uart.o(i.UART_CheckIdleState)
    UART_EndTransmit_IT                      0x08003dbb   Thumb Code    26  stm32f0xx_hal_uart.o(i.UART_EndTransmit_IT)
    UART_Receive_IT                          0x08003dd5   Thumb Code   122  stm32f0xx_hal_uart.o(i.UART_Receive_IT)
    UART_SetConfig                           0x08003e51   Thumb Code   316  stm32f0xx_hal_uart.o(i.UART_SetConfig)
    UART_Transmit_IT                         0x08003fad   Thumb Code   102  stm32f0xx_hal_uart.o(i.UART_Transmit_IT)
    UART_WaitOnFlagUntilTimeout              0x08004013   Thumb Code    98  stm32f0xx_hal_uart.o(i.UART_WaitOnFlagUntilTimeout)
    USART2_IRQHandler                        0x08004075   Thumb Code    10  stm32f0xx_it.o(i.USART2_IRQHandler)
    UpdateDisPlayResistors                   0x08004085   Thumb Code   132  user.o(i.UpdateDisPlayResistors)
    UpdatePID                                0x08004121   Thumb Code   146  powerctr.o(i.UpdatePID)
    UserSystemStartPoc                       0x080041b5   Thumb Code   166  user.o(i.UserSystemStartPoc)
    Write_Command                            0x08004275   Thumb Code    32  lcd.o(i.Write_Command)
    Write_Data                               0x08004299   Thumb Code    32  lcd.o(i.Write_Data)
    Write_MCP3421_Data                       0x080042bd   Thumb Code    24  mcp3421.o(i.Write_MCP3421_Data)
    _Error_Handler                           0x080042d9   Thumb Code     2  main.o(i._Error_Handler)
    __ARM_clz                                0x080042db   Thumb Code    46  depilogue.o(i.__ARM_clz)
    __ARM_common_switch8                     0x08004309   Thumb Code    26  task_protocol.o(i.__ARM_common_switch8)
    __scatterload_copy                       0x08004323   Thumb Code    14  handlers.o(i.__scatterload_copy)
    __scatterload_null                       0x08004331   Thumb Code     2  handlers.o(i.__scatterload_null)
    __scatterload_zeroinit                   0x08004333   Thumb Code    14  handlers.o(i.__scatterload_zeroinit)
    free                                     0x080043e1   Thumb Code    80  malloc.o(i.free)
    handle_proto_data                        0x08004435   Thumb Code     2  task_protocol.o(i.handle_proto_data)
    keyScanTask                              0x08004439   Thumb Code   182  keyboard.o(i.keyScanTask)
    main                                     0x080044f5   Thumb Code   142  main.o(i.main)
    malloc                                   0x08004595   Thumb Code    92  malloc.o(i.malloc)
    AHBPrescTable                            0x08004600   Data          16  system_stm32f0xx.o(.constdata)
    APBPrescTable                            0x08004610   Data           8  system_stm32f0xx.o(.constdata)
    F6x82                                    0x08004618   Data           4  lcd.o(.constdata)
    F6x8                                     0x0800461c   Data         552  lcd.o(.constdata)
    F8X16                                    0x08004844   Data        1520  lcd.o(.constdata)
    F16X16                                   0x08004e34   Data        3040  lcd.o(.constdata)
    Batter_bmp                               0x08005a14   Data         140  lcd.o(.constdata)
    battery_bmp2                             0x08005aa0   Data         672  lcd.o(.constdata)
    tmd                                      0x08005d40   Data          10  lcd.o(.constdata)
    Nifethal52_Ct_Table                      0x08005d4c   Data          40  powerctr.o(.constdata)
    Nifethal52_TEMP_Table                    0x08005d74   Data          20  powerctr.o(.constdata)
    Region$$Table$$Base                      0x08005d88   Number         0  anon$$obj.o(Region$$Table)
    Region$$Table$$Limit                     0x08005da8   Number         0  anon$$obj.o(Region$$Table)
    SystemCoreClock                          0x20000000   Data           4  system_stm32f0xx.o(.data)
    ReadIndex                                0x20000004   Data           4  message.o(.data)
    WriteIndex                               0x20000008   Data           4  message.o(.data)
    NumMessage                               0x2000000c   Data           4  message.o(.data)
    TargePowerPID                            0x20000060   Data          56  powerctr.o(.data)
    TargeTemperaturePID                      0x20000098   Data          56  powerctr.o(.data)
    ITRXBuff                                 0x200000e7   Data           1  uartserver.o(.data)
    uwTick                                   0x200000e8   Data           4  stm32f0xx_hal.o(.data)
    __microlib_freelist                      0x200000ec   Data           4  mvars.o(.data)
    __microlib_freelist_initialised          0x200000f0   Data           4  mvars.o(.data)
    hadc                                     0x200000f4   Data          76  main.o(.bss)
    hi2c1                                    0x20000140   Data          76  main.o(.bss)
    htim1                                    0x2000018c   Data          64  main.o(.bss)
    htim6                                    0x200001cc   Data          64  main.o(.bss)
    huart2                                   0x2000020c   Data         112  main.o(.bss)
    ADC_ValueTab                             0x2000027c   Data         100  main.o(.bss)
    hdma_adc                                 0x200002e0   Data          68  main.o(.bss)
    MessageQueue                             0x20000324   Data         512  message.o(.bss)
    g_proto_buff                             0x20000524   Data         168  task_protocol.o(.bss)
    __heap_base                              0x200005d0   Data           0  startup_stm32f072xb.o(HEAP)
    __heap_limit                             0x200007d0   Data           0  startup_stm32f072xb.o(HEAP)
    __initial_sp                             0x20000bd0   Data           0  startup_stm32f072xb.o(STACK)



==============================================================================

Memory Map of the image

  Image Entry point : 0x080000c1

  Load Region LR_IROM1 (Base: 0x08000000, Size: 0x00005e9c, Max: 0x00020000, ABSOLUTE)

    Execution Region ER_IROM1 (Exec base: 0x08000000, Load base: 0x08000000, Size: 0x00005da8, Max: 0x00020000, ABSOLUTE)

    Exec Addr    Load Addr    Size         Type   Attr      Idx    E Section Name        Object

    0x08000000   0x08000000   0x000000c0   Data   RO          134    RESET               startup_stm32f072xb.o
    0x080000c0   0x080000c0   0x00000000   Code   RO         3780  * .ARM.Collect$$$$00000000  mc_p.l(entry.o)
    0x080000c0   0x080000c0   0x00000004   Code   RO         3849    .ARM.Collect$$$$00000001  mc_p.l(entry2.o)
    0x080000c4   0x080000c4   0x00000004   Code   RO         3852    .ARM.Collect$$$$00000004  mc_p.l(entry5.o)
    0x080000c8   0x080000c8   0x00000000   Code   RO         3854    .ARM.Collect$$$$00000008  mc_p.l(entry7b.o)
    0x080000c8   0x080000c8   0x00000000   Code   RO         3856    .ARM.Collect$$$$0000000A  mc_p.l(entry8b.o)
    0x080000c8   0x080000c8   0x00000008   Code   RO         3857    .ARM.Collect$$$$0000000B  mc_p.l(entry9a.o)
    0x080000d0   0x080000d0   0x00000000   Code   RO         3859    .ARM.Collect$$$$0000000D  mc_p.l(entry10a.o)
    0x080000d0   0x080000d0   0x00000000   Code   RO         3861    .ARM.Collect$$$$0000000F  mc_p.l(entry11a.o)
    0x080000d0   0x080000d0   0x00000004   Code   RO         3850    .ARM.Collect$$$$00002712  mc_p.l(entry2.o)
    0x080000d4   0x080000d4   0x0000001c   Code   RO          135    .text               startup_stm32f072xb.o
    0x080000f0   0x080000f0   0x0000002c   Code   RO         3783    .text               mc_p.l(uidiv.o)
    0x0800011c   0x0800011c   0x00000022   Code   RO         3785    .text               mc_p.l(llushr.o)
    0x0800013e   0x0800013e   0x00000024   Code   RO         3787    .text               mc_p.l(memseta.o)
    0x08000162   0x08000162   0x000000b2   Code   RO         3817    .text               mf_p.l(fadd.o)
    0x08000214   0x08000214   0x0000007a   Code   RO         3819    .text               mf_p.l(fmul.o)
    0x0800028e   0x0800028e   0x0000007c   Code   RO         3821    .text               mf_p.l(fdiv.o)
    0x0800030a   0x0800030a   0x00000002   PAD
    0x0800030c   0x0800030c   0x00000164   Code   RO         3823    .text               mf_p.l(dadd.o)
    0x08000470   0x08000470   0x000000d0   Code   RO         3825    .text               mf_p.l(dmul.o)
    0x08000540   0x08000540   0x000000f0   Code   RO         3827    .text               mf_p.l(ddiv.o)
    0x08000630   0x08000630   0x0000002c   Code   RO         3829    .text               mf_p.l(dscalb.o)
    0x0800065c   0x0800065c   0x00000016   Code   RO         3831    .text               mf_p.l(fflti.o)
    0x08000672   0x08000672   0x0000000e   Code   RO         3833    .text               mf_p.l(ffltui.o)
    0x08000680   0x08000680   0x0000001c   Code   RO         3835    .text               mf_p.l(dfltui.o)
    0x0800069c   0x0800069c   0x00000028   Code   RO         3837    .text               mf_p.l(ffixui.o)
    0x080006c4   0x080006c4   0x00000028   Code   RO         3839    .text               mf_p.l(f2d.o)
    0x080006ec   0x080006ec   0x00000028   Code   RO         3841    .text               mf_p.l(cdcmple.o)
    0x08000714   0x08000714   0x00000028   Code   RO         3843    .text               mf_p.l(cdrcmple.o)
    0x0800073c   0x0800073c   0x00000038   Code   RO         3845    .text               mf_p.l(d2f.o)
    0x08000774   0x08000774   0x00000014   Code   RO         3847    .text               mf_p.l(cfcmple.o)
    0x08000788   0x08000788   0x00000020   Code   RO         3863    .text               mc_p.l(llshl.o)
    0x080007a8   0x080007a8   0x00000026   Code   RO         3865    .text               mc_p.l(llsshr.o)
    0x080007ce   0x080007ce   0x00000000   Code   RO         3873    .text               mc_p.l(iusefp.o)
    0x080007ce   0x080007ce   0x00000082   Code   RO         3874    .text               mf_p.l(fepilogue.o)
    0x08000850   0x08000850   0x000000be   Code   RO         3876    .text               mf_p.l(depilogue.o)
    0x0800090e   0x0800090e   0x00000002   PAD
    0x08000910   0x08000910   0x00000024   Code   RO         3880    .text               mc_p.l(init.o)
    0x08000934   0x08000934   0x0000006c   Code   RO         3187    i.ADC_DMAConvCplt   stm32f0xx_hal_adc.o
    0x080009a0   0x080009a0   0x0000001a   Code   RO         3188    i.ADC_DMAError      stm32f0xx_hal_adc.o
    0x080009ba   0x080009ba   0x0000000a   Code   RO         3189    i.ADC_DMAHalfConvCplt  stm32f0xx_hal_adc.o
    0x080009c4   0x080009c4   0x00000084   Code   RO         3191    i.ADC_Enable        stm32f0xx_hal_adc.o
    0x08000a48   0x08000a48   0x00000060   Code   RO          841    i.AppTaskProtoParse  task_protocol.o
    0x08000aa8   0x08000aa8   0x00000130   Code   RO          761    i.CheckCurrentResistorsProc  user.o
    0x08000bd8   0x08000bd8   0x00000010   Code   RO          301    i.DMA1_Channel1_IRQHandler  stm32f0xx_it.o
    0x08000be8   0x08000be8   0x00000024   Code   RO         2676    i.DMA_CalcBaseAndBitshift  stm32f0xx_hal_dma.o
    0x08000c0c   0x08000c0c   0x00000028   Code   RO         2677    i.DMA_SetConfig     stm32f0xx_hal_dma.o
    0x08000c34   0x08000c34   0x00000090   Code   RO          467    i.Disp_Num          lcd.o
    0x08000cc4   0x08000cc4   0x00000008   Code   RO          367    i.DispatchMessage   message.o
    0x08000ccc   0x08000ccc   0x0000002c   Code   RO          630    i.GetADC_AverageValuea  powerctr.o
    0x08000cf8   0x08000cf8   0x0000000c   Code   RO          631    i.GetCurrentResistors  powerctr.o
    0x08000d04   0x08000d04   0x00000098   Code   RO          632    i.GetCurrentTemperature  powerctr.o
    0x08000d9c   0x08000d9c   0x0000004c   Code   RO          633    i.GetMCP3421_Voltage  powerctr.o
    0x08000de8   0x08000de8   0x00000054   Code   RO          368    i.GetMessage        message.o
    0x08000e3c   0x08000e3c   0x0000000c   Code   RO          634    i.GetPIDCtrMode     powerctr.o
    0x08000e48   0x08000e48   0x0000000c   Code   RO          635    i.GetPIDCtrState    powerctr.o
    0x08000e54   0x08000e54   0x0000000c   Code   RO          636    i.GetTargePower     powerctr.o
    0x08000e60   0x08000e60   0x0000000c   Code   RO          637    i.GetTargeTemperature  powerctr.o
    0x08000e6c   0x08000e6c   0x000000b0   Code   RO         3424    i.HAL_ADCEx_Calibration_Start  stm32f0xx_hal_adc_ex.o
    0x08000f1c   0x08000f1c   0x0000012c   Code   RO         3193    i.HAL_ADC_ConfigChannel  stm32f0xx_hal_adc.o
    0x08001048   0x08001048   0x00000002   Code   RO         3194    i.HAL_ADC_ConvCpltCallback  stm32f0xx_hal_adc.o
    0x0800104a   0x0800104a   0x00000002   Code   RO         3195    i.HAL_ADC_ConvHalfCpltCallback  stm32f0xx_hal_adc.o
    0x0800104c   0x0800104c   0x00000002   Code   RO         3197    i.HAL_ADC_ErrorCallback  stm32f0xx_hal_adc.o
    0x0800104e   0x0800104e   0x00000002   PAD
    0x08001050   0x08001050   0x00000174   Code   RO         3202    i.HAL_ADC_Init      stm32f0xx_hal_adc.o
    0x080011c4   0x080011c4   0x00000098   Code   RO          227    i.HAL_ADC_MspInit   stm32f0xx_hal_msp.o
    0x0800125c   0x0800125c   0x000000a0   Code   RO         3209    i.HAL_ADC_Start_DMA  stm32f0xx_hal_adc.o
    0x080012fc   0x080012fc   0x00000048   Code   RO         2679    i.HAL_DMA_Abort_IT  stm32f0xx_hal_dma.o
    0x08001344   0x08001344   0x0000009c   Code   RO         2683    i.HAL_DMA_IRQHandler  stm32f0xx_hal_dma.o
    0x080013e0   0x080013e0   0x00000058   Code   RO         2684    i.HAL_DMA_Init      stm32f0xx_hal_dma.o
    0x08001438   0x08001438   0x0000006a   Code   RO         2688    i.HAL_DMA_Start_IT  stm32f0xx_hal_dma.o
    0x080014a2   0x080014a2   0x0000001c   Code   RO         1693    i.HAL_Delay         stm32f0xx_hal.o
    0x080014be   0x080014be   0x00000002   PAD
    0x080014c0   0x080014c0   0x00000158   Code   RO         3127    i.HAL_GPIO_Init     stm32f0xx_hal_gpio.o
    0x08001618   0x08001618   0x0000000a   Code   RO         3129    i.HAL_GPIO_ReadPin  stm32f0xx_hal_gpio.o
    0x08001622   0x08001622   0x0000000c   Code   RO         3131    i.HAL_GPIO_WritePin  stm32f0xx_hal_gpio.o
    0x0800162e   0x0800162e   0x00000002   PAD
    0x08001630   0x08001630   0x0000000c   Code   RO         1697    i.HAL_GetTick       stm32f0xx_hal.o
    0x0800163c   0x0800163c   0x0000004a   Code   RO          999    i.HAL_I2CEx_ConfigAnalogFilter  stm32f0xx_hal_i2c_ex.o
    0x08001686   0x08001686   0x00000048   Code   RO         1000    i.HAL_I2CEx_ConfigDigitalFilter  stm32f0xx_hal_i2c_ex.o
    0x080016ce   0x080016ce   0x00000002   PAD
    0x080016d0   0x080016d0   0x000000b4   Code   RO         2022    i.HAL_I2C_Init      stm32f0xx_hal_i2c.o
    0x08001784   0x08001784   0x00000118   Code   RO         2028    i.HAL_I2C_Master_Receive  stm32f0xx_hal_i2c.o
    0x0800189c   0x0800189c   0x00000118   Code   RO         2033    i.HAL_I2C_Master_Transmit  stm32f0xx_hal_i2c.o
    0x080019b4   0x080019b4   0x00000154   Code   RO         2041    i.HAL_I2C_Mem_Write  stm32f0xx_hal_i2c.o
    0x08001b08   0x08001b08   0x00000048   Code   RO          229    i.HAL_I2C_MspInit   stm32f0xx_hal_msp.o
    0x08001b50   0x08001b50   0x00000010   Code   RO         1701    i.HAL_IncTick       stm32f0xx_hal.o
    0x08001b60   0x08001b60   0x00000020   Code   RO         1702    i.HAL_Init          stm32f0xx_hal.o
    0x08001b80   0x08001b80   0x00000022   Code   RO         1703    i.HAL_InitTick      stm32f0xx_hal.o
    0x08001ba2   0x08001ba2   0x00000002   PAD
    0x08001ba4   0x08001ba4   0x00000038   Code   RO          230    i.HAL_MspInit       stm32f0xx_hal_msp.o
    0x08001bdc   0x08001bdc   0x00000014   Code   RO         1919    i.HAL_NVIC_EnableIRQ  stm32f0xx_hal_cortex.o
    0x08001bf0   0x08001bf0   0x00000008   Code   RO         1923    i.HAL_NVIC_SetPriority  stm32f0xx_hal_cortex.o
    0x08001bf8   0x08001bf8   0x00000120   Code   RO         3049    i.HAL_RCCEx_PeriphCLKConfig  stm32f0xx_hal_rcc_ex.o
    0x08001d18   0x08001d18   0x00000154   Code   RO         1826    i.HAL_RCC_ClockConfig  stm32f0xx_hal_rcc.o
    0x08001e6c   0x08001e6c   0x0000000c   Code   RO         1831    i.HAL_RCC_GetHCLKFreq  stm32f0xx_hal_rcc.o
    0x08001e78   0x08001e78   0x00000020   Code   RO         1833    i.HAL_RCC_GetPCLK1Freq  stm32f0xx_hal_rcc.o
    0x08001e98   0x08001e98   0x00000088   Code   RO         1834    i.HAL_RCC_GetSysClockFreq  stm32f0xx_hal_rcc.o
    0x08001f20   0x08001f20   0x000003d8   Code   RO         1837    i.HAL_RCC_OscConfig  stm32f0xx_hal_rcc.o
    0x080022f8   0x080022f8   0x00000018   Code   RO         1925    i.HAL_SYSTICK_CLKSourceConfig  stm32f0xx_hal_cortex.o
    0x08002310   0x08002310   0x00000002   Code   RO          418    i.HAL_SYSTICK_Callback  systicktaskmanager.o
    0x08002312   0x08002312   0x00000002   PAD
    0x08002314   0x08002314   0x00000030   Code   RO         1927    i.HAL_SYSTICK_Config  stm32f0xx_hal_cortex.o
    0x08002344   0x08002344   0x00000008   Code   RO         1928    i.HAL_SYSTICK_IRQHandler  stm32f0xx_hal_cortex.o
    0x0800234c   0x0800234c   0x00000002   Code   RO         2435    i.HAL_TIMEx_BreakCallback  stm32f0xx_hal_tim_ex.o
    0x0800234e   0x0800234e   0x00000002   Code   RO         2436    i.HAL_TIMEx_CommutationCallback  stm32f0xx_hal_tim_ex.o
    0x08002350   0x08002350   0x00000060   Code   RO         2437    i.HAL_TIMEx_ConfigBreakDeadTime  stm32f0xx_hal_tim_ex.o
    0x080023b0   0x080023b0   0x00000048   Code   RO         2452    i.HAL_TIMEx_MasterConfigSynchronization  stm32f0xx_hal_tim_ex.o
    0x080023f8   0x080023f8   0x00000026   Code   RO         2463    i.HAL_TIMEx_PWMN_Start  stm32f0xx_hal_tim_ex.o
    0x0800241e   0x0800241e   0x00000034   Code   RO         1051    i.HAL_TIM_Base_Init  stm32f0xx_hal_tim.o
    0x08002452   0x08002452   0x00000002   PAD
    0x08002454   0x08002454   0x00000050   Code   RO          232    i.HAL_TIM_Base_MspInit  stm32f0xx_hal_msp.o
    0x080024a4   0x080024a4   0x00000016   Code   RO         1056    i.HAL_TIM_Base_Start_IT  stm32f0xx_hal_tim.o
    0x080024ba   0x080024ba   0x000000ee   Code   RO         1060    i.HAL_TIM_ConfigClockSource  stm32f0xx_hal_tim.o
    0x080025a8   0x080025a8   0x00000002   Code   RO         1082    i.HAL_TIM_IC_CaptureCallback  stm32f0xx_hal_tim.o
    0x080025aa   0x080025aa   0x00000162   Code   RO         1095    i.HAL_TIM_IRQHandler  stm32f0xx_hal_tim.o
    0x0800270c   0x0800270c   0x00000044   Code   RO          233    i.HAL_TIM_MspPostInit  stm32f0xx_hal_msp.o
    0x08002750   0x08002750   0x00000002   Code   RO         1098    i.HAL_TIM_OC_DelayElapsedCallback  stm32f0xx_hal_tim.o
    0x08002752   0x08002752   0x000000d0   Code   RO         1119    i.HAL_TIM_PWM_ConfigChannel  stm32f0xx_hal_tim.o
    0x08002822   0x08002822   0x00000034   Code   RO         1122    i.HAL_TIM_PWM_Init  stm32f0xx_hal_tim.o
    0x08002856   0x08002856   0x00000002   Code   RO         1124    i.HAL_TIM_PWM_MspInit  stm32f0xx_hal_tim.o
    0x08002858   0x08002858   0x00000002   Code   RO         1125    i.HAL_TIM_PWM_PulseFinishedCallback  stm32f0xx_hal_tim.o
    0x0800285a   0x0800285a   0x00000002   PAD
    0x0800285c   0x0800285c   0x00000050   Code   RO         1126    i.HAL_TIM_PWM_Start  stm32f0xx_hal_tim.o
    0x080028ac   0x080028ac   0x00000002   Code   RO         1132    i.HAL_TIM_PeriodElapsedCallback  stm32f0xx_hal_tim.o
    0x080028ae   0x080028ae   0x00000002   Code   RO         1136    i.HAL_TIM_TriggerCallback  stm32f0xx_hal_tim.o
    0x080028b0   0x080028b0   0x00000002   Code   RO         3369    i.HAL_UARTEx_WakeupCallback  stm32f0xx_hal_uart_ex.o
    0x080028b2   0x080028b2   0x00000002   Code   RO         3464    i.HAL_UART_ErrorCallback  stm32f0xx_hal_uart.o
    0x080028b4   0x080028b4   0x00000134   Code   RO         3467    i.HAL_UART_IRQHandler  stm32f0xx_hal_uart.o
    0x080029e8   0x080029e8   0x0000006c   Code   RO         3468    i.HAL_UART_Init     stm32f0xx_hal_uart.o
    0x08002a54   0x08002a54   0x00000058   Code   RO          235    i.HAL_UART_MspInit  stm32f0xx_hal_msp.o
    0x08002aac   0x08002aac   0x000000a0   Code   RO         3473    i.HAL_UART_Receive_IT  stm32f0xx_hal_uart.o
    0x08002b4c   0x08002b4c   0x0000003c   Code   RO          842    i.HAL_UART_RxCpltCallback  task_protocol.o
    0x08002b88   0x08002b88   0x00000002   Code   RO         3479    i.HAL_UART_TxCpltCallback  stm32f0xx_hal_uart.o
    0x08002b8a   0x08002b8a   0x00000002   Code   RO          302    i.HardFault_Handler  stm32f0xx_it.o
    0x08002b8c   0x08002b8c   0x00000022   Code   RO         2064    i.I2C_Flush_TXDR    stm32f0xx_hal_i2c.o
    0x08002bae   0x08002bae   0x00000002   PAD
    0x08002bb0   0x08002bb0   0x00000074   Code   RO         2072    i.I2C_IsAcknowledgeFailed  stm32f0xx_hal_i2c.o
    0x08002c24   0x08002c24   0x0000006a   Code   RO         2076    i.I2C_RequestMemoryWrite  stm32f0xx_hal_i2c.o
    0x08002c8e   0x08002c8e   0x00000002   PAD
    0x08002c90   0x08002c90   0x00000024   Code   RO         2079    i.I2C_TransferConfig  stm32f0xx_hal_i2c.o
    0x08002cb4   0x08002cb4   0x00000048   Code   RO         2080    i.I2C_WaitOnFlagUntilTimeout  stm32f0xx_hal_i2c.o
    0x08002cfc   0x08002cfc   0x00000078   Code   RO         2081    i.I2C_WaitOnRXNEFlagUntilTimeout  stm32f0xx_hal_i2c.o
    0x08002d74   0x08002d74   0x0000004e   Code   RO         2082    i.I2C_WaitOnSTOPFlagUntilTimeout  stm32f0xx_hal_i2c.o
    0x08002dc2   0x08002dc2   0x00000052   Code   RO         2083    i.I2C_WaitOnTXISFlagUntilTimeout  stm32f0xx_hal_i2c.o
    0x08002e14   0x08002e14   0x000000cc   Code   RO          470    i.Init_LCD          lcd.o
    0x08002ee0   0x08002ee0   0x000000f8   Code   RO          762    i.KeyEventCallBack  user.o
    0x08002fd8   0x08002fd8   0x00000050   Code   RO          763    i.KeyValConvert     user.o
    0x08003028   0x08003028   0x00000034   Code   RO          471    i.LCD_Clear         lcd.o
    0x0800305c   0x0800305c   0x00000050   Code   RO          473    i.LCD_P6x8Str       lcd.o
    0x080030ac   0x080030ac   0x00000048   Code   RO          474    i.LCD_P6x8StrD      lcd.o
    0x080030f4   0x080030f4   0x00000074   Code   RO          475    i.LCD_P8x16Str      lcd.o
    0x08003168   0x08003168   0x00000034   Code   RO          476    i.LCD_Set_Pos       lcd.o
    0x0800319c   0x0800319c   0x0000009c   Code   RO          141    i.MX_ADC_Init       main.o
    0x08003238   0x08003238   0x000000a0   Code   RO          142    i.MX_GPIO_Init      main.o
    0x080032d8   0x080032d8   0x00000054   Code   RO          143    i.MX_I2C1_Init      main.o
    0x0800332c   0x0800332c   0x000000c4   Code   RO          144    i.MX_TIM1_Init      main.o
    0x080033f0   0x080033f0   0x00000040   Code   RO          145    i.MX_TIM6_Init      main.o
    0x08003430   0x08003430   0x00000038   Code   RO          146    i.MX_USART2_UART_Init  main.o
    0x08003468   0x08003468   0x00000002   Code   RO          303    i.NMI_Handler       stm32f0xx_it.o
    0x0800346a   0x0800346a   0x00000002   PAD
    0x0800346c   0x0800346c   0x00000044   Code   RO         1929    i.NVIC_SetPriority  stm32f0xx_hal_cortex.o
    0x080034b0   0x080034b0   0x00000080   Code   RO          479    i.OLED_ShowChar     lcd.o
    0x08003530   0x08003530   0x00000002   Code   RO          304    i.PendSV_Handler    stm32f0xx_it.o
    0x08003532   0x08003532   0x00000002   PAD
    0x08003534   0x08003534   0x00000064   Code   RO          370    i.PostMessage       message.o
    0x08003598   0x08003598   0x0000017c   Code   RO          638    i.PowerCtrTask      powerctr.o
    0x08003714   0x08003714   0x0000001c   Code   RO          600    i.Read_MCP3421_Data  mcp3421.o
    0x08003730   0x08003730   0x00000002   Code   RO          305    i.SVC_Handler       stm32f0xx_it.o
    0x08003732   0x08003732   0x00000002   PAD
    0x08003734   0x08003734   0x00000058   Code   RO          639    i.SetBuckBoostPWM   powerctr.o
    0x0800378c   0x0800378c   0x0000000c   Code   RO          640    i.SetCurrentResistors  powerctr.o
    0x08003798   0x08003798   0x0000000c   Code   RO          641    i.SetPIDCtrMode     powerctr.o
    0x080037a4   0x080037a4   0x0000000c   Code   RO          642    i.SetPIDCtrState    powerctr.o
    0x080037b0   0x080037b0   0x0000001c   Code   RO          643    i.SetPWM_Freq       powerctr.o
    0x080037cc   0x080037cc   0x0000000c   Code   RO          644    i.SetTargePower     powerctr.o
    0x080037d8   0x080037d8   0x0000000c   Code   RO          645    i.SetTargeTemperature  powerctr.o
    0x080037e4   0x080037e4   0x0000000c   Code   RO          646    i.SetUserResistors  powerctr.o
    0x080037f0   0x080037f0   0x00000034   Code   RO          419    i.SysTickTaskExecute  systicktaskmanager.o
    0x08003824   0x08003824   0x0000000c   Code   RO          306    i.SysTick_Handler   stm32f0xx_it.o
    0x08003830   0x08003830   0x00000082   Code   RO          147    i.SystemClock_Config  main.o
    0x080038b2   0x080038b2   0x00000002   PAD
    0x080038b4   0x080038b4   0x0000005c   Code   RO            4    i.SystemInit        system_stm32f0xx.o
    0x08003910   0x08003910   0x00000010   Code   RO          307    i.TIM6_DAC_IRQHandler  stm32f0xx_it.o
    0x08003920   0x08003920   0x00000094   Code   RO         1137    i.TIM_Base_SetConfig  stm32f0xx_hal_tim.o
    0x080039b4   0x080039b4   0x00000016   Code   RO         1138    i.TIM_CCxChannelCmd  stm32f0xx_hal_tim.o
    0x080039ca   0x080039ca   0x00000016   Code   RO         2472    i.TIM_CCxNChannelCmd  stm32f0xx_hal_tim_ex.o
    0x080039e0   0x080039e0   0x00000016   Code   RO         1144    i.TIM_ETR_SetConfig  stm32f0xx_hal_tim.o
    0x080039f6   0x080039f6   0x00000010   Code   RO         1145    i.TIM_ITRx_SetConfig  stm32f0xx_hal_tim.o
    0x08003a06   0x08003a06   0x00000002   PAD
    0x08003a08   0x08003a08   0x00000088   Code   RO         1146    i.TIM_OC1_SetConfig  stm32f0xx_hal_tim.o
    0x08003a90   0x08003a90   0x00000080   Code   RO         1147    i.TIM_OC2_SetConfig  stm32f0xx_hal_tim.o
    0x08003b10   0x08003b10   0x00000084   Code   RO         1148    i.TIM_OC3_SetConfig  stm32f0xx_hal_tim.o
    0x08003b94   0x08003b94   0x0000006c   Code   RO         1149    i.TIM_OC4_SetConfig  stm32f0xx_hal_tim.o
    0x08003c00   0x08003c00   0x00000022   Code   RO         1151    i.TIM_TI1_ConfigInputStage  stm32f0xx_hal_tim.o
    0x08003c22   0x08003c22   0x00000026   Code   RO         1153    i.TIM_TI2_ConfigInputStage  stm32f0xx_hal_tim.o
    0x08003c48   0x08003c48   0x000000ca   Code   RO         3481    i.UART_AdvFeatureConfig  stm32f0xx_hal_uart.o
    0x08003d12   0x08003d12   0x00000002   PAD
    0x08003d14   0x08003d14   0x00000074   Code   RO         3482    i.UART_CheckIdleState  stm32f0xx_hal_uart.o
    0x08003d88   0x08003d88   0x00000014   Code   RO         3483    i.UART_DMAAbortOnError  stm32f0xx_hal_uart.o
    0x08003d9c   0x08003d9c   0x0000001e   Code   RO         3493    i.UART_EndRxTransfer  stm32f0xx_hal_uart.o
    0x08003dba   0x08003dba   0x0000001a   Code   RO         3494    i.UART_EndTransmit_IT  stm32f0xx_hal_uart.o
    0x08003dd4   0x08003dd4   0x0000007a   Code   RO         3496    i.UART_Receive_IT   stm32f0xx_hal_uart.o
    0x08003e4e   0x08003e4e   0x00000002   PAD
    0x08003e50   0x08003e50   0x0000015c   Code   RO         3497    i.UART_SetConfig    stm32f0xx_hal_uart.o
    0x08003fac   0x08003fac   0x00000066   Code   RO         3498    i.UART_Transmit_IT  stm32f0xx_hal_uart.o
    0x08004012   0x08004012   0x00000062   Code   RO         3499    i.UART_WaitOnFlagUntilTimeout  stm32f0xx_hal_uart.o
    0x08004074   0x08004074   0x00000010   Code   RO          308    i.USART2_IRQHandler  stm32f0xx_it.o
    0x08004084   0x08004084   0x0000009c   Code   RO          764    i.UpdateDisPlayResistors  user.o
    0x08004120   0x08004120   0x00000092   Code   RO          647    i.UpdatePID         powerctr.o
    0x080041b2   0x080041b2   0x00000002   PAD
    0x080041b4   0x080041b4   0x000000c0   Code   RO          765    i.UserSystemStartPoc  user.o
    0x08004274   0x08004274   0x00000024   Code   RO          480    i.Write_Command     lcd.o
    0x08004298   0x08004298   0x00000024   Code   RO          481    i.Write_Data        lcd.o
    0x080042bc   0x080042bc   0x0000001c   Code   RO          601    i.Write_MCP3421_Data  mcp3421.o
    0x080042d8   0x080042d8   0x00000002   Code   RO          148    i._Error_Handler    main.o
    0x080042da   0x080042da   0x0000002e   Code   RO         3878    i.__ARM_clz         mf_p.l(depilogue.o)
    0x08004308   0x08004308   0x0000001a   Code   RO          876    i.__ARM_common_switch8  task_protocol.o
    0x08004322   0x08004322   0x0000000e   Code   RO         3884    i.__scatterload_copy  mc_p.l(handlers.o)
    0x08004330   0x08004330   0x00000002   Code   RO         3885    i.__scatterload_null  mc_p.l(handlers.o)
    0x08004332   0x08004332   0x0000000e   Code   RO         3886    i.__scatterload_zeroinit  mc_p.l(handlers.o)
    0x08004340   0x08004340   0x000000a0   Code   RO          843    i._proto_parse      task_protocol.o
    0x080043e0   0x080043e0   0x00000054   Code   RO         3789    i.free              mc_p.l(malloc.o)
    0x08004434   0x08004434   0x00000002   Code   RO          844    i.handle_proto_data  task_protocol.o
    0x08004436   0x08004436   0x00000002   PAD
    0x08004438   0x08004438   0x000000bc   Code   RO          809    i.keyScanTask       keyboard.o
    0x080044f4   0x080044f4   0x000000a0   Code   RO          150    i.main              main.o
    0x08004594   0x08004594   0x0000006c   Code   RO         3790    i.malloc            mc_p.l(malloc.o)
    0x08004600   0x08004600   0x00000010   Data   RO            5    .constdata          system_stm32f0xx.o
    0x08004610   0x08004610   0x00000008   Data   RO            6    .constdata          system_stm32f0xx.o
    0x08004618   0x08004618   0x00001732   Data   RO          482    .constdata          lcd.o
    0x08005d4a   0x08005d4a   0x00000002   PAD
    0x08005d4c   0x08005d4c   0x0000003c   Data   RO          648    .constdata          powerctr.o
    0x08005d88   0x08005d88   0x00000020   Data   RO         3882    Region$$Table       anon$$obj.o


    Execution Region RW_IRAM1 (Exec base: 0x20000000, Load base: 0x08005da8, Size: 0x00000bd0, Max: 0x00004000, ABSOLUTE)

    Exec Addr    Load Addr    Size         Type   Attr      Idx    E Section Name        Object

    0x20000000   0x08005da8   0x00000004   Data   RW            7    .data               system_stm32f0xx.o
    0x20000004   0x08005dac   0x0000000c   Data   RW          372    .data               message.o
    0x20000010   0x08005db8   0x0000003c   Data   RW          420    .data               systicktaskmanager.o
    0x2000004c   0x08005df4   0x00000001   Data   RW          485    .data               lcd.o
    0x2000004d   0x08005df5   0x00000003   PAD
    0x20000050   0x08005df8   0x00000080   Data   RW          649    .data               powerctr.o
    0x200000d0   0x08005e78   0x00000003   Data   RW          766    .data               user.o
    0x200000d3   0x08005e7b   0x00000001   PAD
    0x200000d4   0x08005e7c   0x00000010   Data   RW          810    .data               keyboard.o
    0x200000e4   0x08005e8c   0x00000004   Data   RW          895    .data               uartserver.o
    0x200000e8   0x08005e90   0x00000004   Data   RW         1708    .data               stm32f0xx_hal.o
    0x200000ec   0x08005e94   0x00000004   Data   RW         3871    .data               mc_p.l(mvars.o)
    0x200000f0   0x08005e98   0x00000004   Data   RW         3872    .data               mc_p.l(mvars.o)
    0x200000f4        -       0x000001ec   Zero   RW          151    .bss                main.o
    0x200002e0        -       0x00000044   Zero   RW          152    .bss                main.o
    0x20000324        -       0x00000200   Zero   RW          371    .bss                message.o
    0x20000524        -       0x000000a8   Zero   RW          845    .bss                task_protocol.o
    0x200005cc   0x08005e9c   0x00000004   PAD
    0x200005d0        -       0x00000200   Zero   RW          133    HEAP                startup_stm32f072xb.o
    0x200007d0        -       0x00000400   Zero   RW          132    STACK               startup_stm32f072xb.o


==============================================================================

Image component sizes


      Code (inc. data)   RO Data    RW Data    ZI Data      Debug   Object Name

       188          6          0         16          0       1430   keyboard.o
       920         56       5938          1          0       8469   lcd.o
      1008         96          0          0        560       7532   main.o
        56         10          0          0          0       1437   mcp3421.o
       192         26          0         12        512      11460   message.o
      1046        134         60        128          0      11331   powerctr.o
        28          8        192          0       1536        640   startup_stm32f072xb.o
       122         18          0          4          0       3923   stm32f0xx_hal.o
      1114         52          0          0          0       8025   stm32f0xx_hal_adc.o
       176          0          0          0          0       1470   stm32f0xx_hal_adc_ex.o
       176         28          0          0          0      10312   stm32f0xx_hal_cortex.o
       498         14          0          0          0       5118   stm32f0xx_hal_dma.o
       366         30          0          0          0       3043   stm32f0xx_hal_gpio.o
      1724         40          0          0          0      13494   stm32f0xx_hal_i2c.o
       146          0          0          0          0       2027   stm32f0xx_hal_i2c_ex.o
       516         96          0          0          0       4321   stm32f0xx_hal_msp.o
      1504        102          0          0          0       5425   stm32f0xx_hal_rcc.o
       288         14          0          0          0       1592   stm32f0xx_hal_rcc_ex.o
      1802        112          0          0          0      17050   stm32f0xx_hal_tim.o
       232          0          0          0          0       4629   stm32f0xx_hal_tim_ex.o
      1644         56          0          0          0      11443   stm32f0xx_hal_uart.o
         2          0          0          0          0       1064   stm32f0xx_hal_uart_ex.o
        68         18          0          0          0       3792   stm32f0xx_it.o
        92         16         24          4          0     505391   system_stm32f0xx.o
        54          4          0         60          0       5848   systicktaskmanager.o
       344         38          0          0        168       3743   task_protocol.o
         0          0          0          4          0        880   uartserver.o
       980        108          0          3          0       3193   user.o

    ----------------------------------------------------------------------
     15324       1082       6248        236       2780     658082   Object Totals
         0          0         32          0          0          0   (incl. Generated)
        38          0          2          4          4          0   (incl. Padding)

    ----------------------------------------------------------------------

      Code (inc. data)   RO Data    RW Data    ZI Data      Debug   Library Member Name

         0          0          0          0          0          0   entry.o
         0          0          0          0          0          0   entry10a.o
         0          0          0          0          0          0   entry11a.o
         8          4          0          0          0          0   entry2.o
         4          0          0          0          0          0   entry5.o
         0          0          0          0          0          0   entry7b.o
         0          0          0          0          0          0   entry8b.o
         8          4          0          0          0          0   entry9a.o
        30          0          0          0          0          0   handlers.o
        36          8          0          0          0         68   init.o
         0          0          0          0          0          0   iusefp.o
        32          0          0          0          0         68   llshl.o
        38          0          0          0          0         68   llsshr.o
        34          0          0          0          0         68   llushr.o
       192         20          0          0          0        144   malloc.o
        36          0          0          0          0        100   memseta.o
         0          0          0          8          0          0   mvars.o
        44          0          0          0          0         72   uidiv.o
        40          2          0          0          0         68   cdcmple.o
        40          2          0          0          0         68   cdrcmple.o
        20          0          0          0          0         68   cfcmple.o
        56          0          0          0          0         68   d2f.o
       356          4          0          0          0        140   dadd.o
       240          6          0          0          0         84   ddiv.o
       236          0          0          0          0        216   depilogue.o
        28          4          0          0          0         68   dfltui.o
       208          6          0          0          0         88   dmul.o
        44          0          0          0          0         72   dscalb.o
        40          0          0          0          0         60   f2d.o
       178          0          0          0          0        108   fadd.o
       124          0          0          0          0         72   fdiv.o
       130          0          0          0          0        144   fepilogue.o
        40          0          0          0          0         60   ffixui.o
        22          0          0          0          0         68   fflti.o
        14          0          0          0          0         68   ffltui.o
       122          0          0          0          0         72   fmul.o

    ----------------------------------------------------------------------
      2404         60          0          8          0       2180   Library Totals
         4          0          0          0          0          0   (incl. Padding)

    ----------------------------------------------------------------------

      Code (inc. data)   RO Data    RW Data    ZI Data      Debug   Library Name

       462         36          0          8          0        588   mc_p.l
      1938         24          0          0          0       1592   mf_p.l

    ----------------------------------------------------------------------
      2404         60          0          8          0       2180   Library Totals

    ----------------------------------------------------------------------

==============================================================================


      Code (inc. data)   RO Data    RW Data    ZI Data      Debug   

     17728       1142       6248        244       2780     652162   Grand Totals
     17728       1142       6248        244       2780     652162   ELF Image Totals
     17728       1142       6248        244          0          0   ROM Totals

==============================================================================

    Total RO  Size (Code + RO Data)                23976 (  23.41kB)
    Total RW  Size (RW Data + ZI Data)              3024 (   2.95kB)
    Total ROM Size (Code + RO Data + RW Data)      24220 (  23.65kB)

==============================================================================

